// Vitest Snapshot v1, https://vitest.dev/guide/snapshot.html

exports[`ids search (npasses) 2`] = `
[
  {
    "_id": "NPC100353",
    "data": {
      "cid": "72945293",
      "ocl": {
        "coordinates": "!B_[]??\`Jw_[]}bLBY_[\\Bmw?~_?yNouR{_[]}bHa}f]}}mxa}@h\`",
        "idCode": "fbmAP@@LlFNQQQQQIIYFS\`eNtYhI\`iJjbQjF\`@",
        "noStereoTautomerID": "fbmAP@@\\UhNRJJJQJKqIXcKNSfjjjjjjj@CTNLDqSDlJqkAlVp{GlAqGB\\YpWE\\_iCMNLfOacxX",
      },
    },
  },
  {
    "_id": "NPC100380",
    "data": {
      "activities": [
        {
          "assay": "Activity = 1.92 ",
          "assayOrganism": "Rattus norvegicus",
          "externalRef": "PMID : 447209",
          "targetName": "Ca9-22",
          "targetOrganism": "Homo sapiens",
          "targetType": "Cell Line",
        },
      ],
      "cid": "1549018",
      "ocl": {
        "coordinates": "!BmpK~@K]}mpJH?K\\B?g~w__x@?\`Bw_Xa}mpJH?K\\B?\`C~@K\\B@h\`@?\`",
        "idCode": "fj}@\`@@VrJJJJKQJMJQ\`eNbehF\`iJjh\`@@",
        "noStereoTautomerID": "fj}@\`@@VrJJJJISJMJS\`eNbfjjjjjjj\`@urCDLHqcALTpsGLBqKBlZp[ElNpGA\\UpwGzPpCcIcxX~F@",
      },
    },
  },
]
`;
