// Vitest Snapshot v1, https://vitest.dev/guide/snapshot.html

exports[`syncNpasses 1`] = `
{
  "_id": "NPC100380",
  "data": {
    "activities": [
      {
        "assay": "Activity = 1.92 ",
        "assayOrganism": "Rattus norvegicus",
        "externalRef": "PMID : 447209",
        "targetName": "Ca9-22",
        "targetOrganism": "Homo sapiens",
        "targetType": "Cell Line",
      },
    ],
    "cid": "1549018",
    "ocl": {
      "idCode": "fj}@\`@@VrJJJJKQJMJQ\`eNbehF\`iJjh\`@@",
      "noStereoTautomerID": "fj}@\`@@VrJJJJISJMJS\`eNbfjjjjjjj\`@urCDLHqcALTpsGLBqKBlZp[ElNpGA\\UpwGzPpCcIcxX~F@",
    },
  },
}
`;
