// Vitest Snapshot v1, https://vitest.dev/guide/snapshot.html

exports[`syncNpasses 1`] = `
{
  "_id": "NPC10005",
  "data": {
    "activities": [
      {
        "assay": "MIC : 100 ug/ml",
        "dbRef": {
          "$id": "NPC10005",
          "$ref": "npasses",
        },
        "externalRef": "PMID : 10650093",
      },
      {
        "assay": "MIC : 100 ug/ml",
        "dbRef": {
          "$id": "NPC10005",
          "$ref": "npasses",
        },
        "externalRef": "PMID : 10650093",
      },
    ],
    "cid": "13915595",
    "ocl": {
      "coordinates": "!BNzw~UsnRQJw~JOyWQIH{ddRmkSmW?dRm?baDdoyWNyIDkTRRQJw~JOyWQIH{ddRm[g}Dk_xhQIK~U~~mNyIDkTRm?bc~UtRRNyIDk_yWQJw~JDRRddPh?cnR?b\`{d\`",
      "idCode": "e\`rpD@@@DLbbRbTbReTRTJbRdJVTrbRtUQcfURqtNHjkUUUUUUUUUUUUUUUTtHPiHxheUAhBlX@@",
      "index": [
        247,
        111,
        255,
        255,
        255,
        222,
        174,
        239,
        120,
        191,
        254,
        175,
        126,
        206,
        255,
        178,
        189,
        127,
        77,
        221,
        53,
        196,
        107,
        106,
        227,
        17,
        128,
        79,
        198,
        178,
        114,
        163,
        158,
        66,
        228,
        100,
        1,
        1,
        66,
        247,
        0,
        72,
        0,
        2,
        161,
        1,
        1,
        0,
        1,
        0,
        8,
        24,
        0,
        64,
        64,
        176,
        192,
        0,
        130,
        64,
        0,
        0,
        0,
        8,
      ],
      "noStereoID": "e\`rpD@@G\`\\\\ddTbbtVadLRVtTcJfRRRRRRTabce\`UPwVuUUMUUUUUUTuUUUUUT@@_f@",
      "noStereoTautomerID": "e\`rpD@@@JLdTTTbreTRTJbRdJVTrbRtURRadVPrwtKHmUUUUUUUUUUUUUUUTt@Aj\`QbcGzPYQTq|L_C@",
    },
    "taxonomies": [
      {
        "dbRef": {
          "$id": "NPC10005",
          "$ref": "npasses",
        },
        "family": "Chenopodiaceae",
        "genus": "Haloxylon",
        "kingdom": "Viridiplantae",
        "species": "Haloxylon salicornicum",
      },
    ],
  },
}
`;
