// Vitest Snapshot v1, https://vitest.dev/guide/snapshot.html

exports[`syncNpasses 1`] = `
{
  "_id": "NPC10005",
  "data": {
    "activities": [
      {
        "assay": "MIC : 100 ug/ml",
        "dbRef": {
          "$id": "NPC10005",
          "$ref": "npasses",
        },
        "externalRef": "PMID : 10650093",
      },
      {
        "assay": "MIC : 100 ug/ml",
        "dbRef": {
          "$id": "NPC10005",
          "$ref": "npasses",
        },
        "externalRef": "PMID : 10650093",
      },
    ],
    "cid": "13915595",
    "ocl": {
      "idCode": "e\`rpD@@@DLbbRbTbReTRTJbRdJVTrbRtUQcfURqtNHjkUUUUUUUUUUUUUUUTtHPiHxheUAhBlX@@",
      "noStereoTautomerID": "e\`rpD@@@JLdTTTbreTRTJbRdJVTrbRtURRadVPrwtKHmUUUUUUUUUUUUUUUTt@Aj\`QbcGzPYQTq|L_C@",
    },
    "taxonomies": [
      {
        "dbRef": {
          "$id": "NPC10005",
          "$ref": "npasses",
        },
        "family": "Chenopodiaceae",
        "genus": "Haloxylon",
        "kingdom": "Viridiplantae",
        "species": "Haloxylon salicornicum",
      },
    ],
  },
}
`;
