// Vitest Snapshot v1, https://vitest.dev/guide/snapshot.html

exports[`syncCmaups 1`] = `
{
  "_id": "NPC146355",
  "data": {
    "activities": [
      {
        "assay": "IC50 = 5900 nM",
        "chemblId": "CHEMBL215",
        "externalRef": "PMID : 559635",
        "geneSymbol": "ALOX5",
        "proteinName": "Arachidonate 5-lipoxygenase",
        "uniprotId": "P09917",
      },
    ],
    "chemblId": "CHEMBL227187",
    "cid": "24992964",
    "commonName": "(-)-3,3'-Bisdemethylpinoresinol",
    "ocl": {
      "idCode": "fa{@p@@F\\\\fo\\\\dTRbRRRafRtIJRMkqVuTEATAAEPDaBRbe@@",
      "noStereoTautomerID": "fa{@p@@F\\\\fo\\\\dTRbRRRafRtIJRMkqVuUUUUUUUU@AkuFLXIbfFXy\`VIXU\`vKX]cv@xcaNLxKbnFx{b^ExRFN\\\\YL_CGpp",
    },
    "taxonomies": [
      {
        "dbRef": {
          "$id": "NPC146355",
          "$ref": "cmaups",
        },
        "family": "Rubiaceae",
        "genus": "Morinda",
        "species": "Morinda Citrifolia",
      },
    ],
  },
}
`;
