// Vitest Snapshot v1, https://vitest.dev/guide/snapshot.html

exports[`syncCmaups 1`] = `
{
  "_id": "NPC146355",
  "data": {
    "activities": [
      {
        "assay": "IC50 : 5900 nM",
        "dbRef": {
          "$id": "NPC146355",
          "$ref": "cmaups",
        },
        "externalRef": "PMID : 16413779",
      },
    ],
    "cid": "24992964",
    "ocl": {
      "coordinates": "!Bs|uTn{\\\\BSk}}m{_}?\`A}mtz?m?rw@eR{bGvw?_x@?g~H?K\\\\BbGvH__y?b@JH_P",
      "idCode": "fa{@p@@F\\\\fo\\\\dTRbRRRafRtIJRMkqVuTEATAAEPDaBRbe@@",
      "index": [
        229,
        95,
        255,
        255,
        254,
        126,
        187,
        237,
        86,
        175,
        252,
        179,
        199,
        78,
        189,
        203,
        97,
        251,
        214,
        249,
        114,
        198,
        91,
        58,
        204,
        200,
        0,
        4,
        20,
        23,
        210,
        84,
        220,
        2,
        37,
        96,
        17,
        133,
        144,
        5,
        2,
        16,
        202,
        64,
        130,
        129,
        34,
        65,
        24,
        17,
        1,
        0,
        96,
        19,
        0,
        0,
        83,
        0,
        4,
        32,
        4,
        128,
        0,
        0,
      ],
      "noStereoID": "fa{@p@NRmyo\\\\dbRbfbVQtRTuAJL{qZaAQUUP@TT@@_f@",
      "noStereoTautomerID": "fa{@p@@F\\\\fo\\\\dTRbRRRafRtIJRMkqVuUUUUUUUU@AkuFLXIbfFXy\`VIXU\`vKX]cv@xcaNLxKbnFx{b^ExRFN\\\\YL_CGpp",
    },
    "taxonomies": [
      {
        "class": "Candidatus Borrarchaeia",
        "dbRef": {
          "$id": "NPC146355",
          "$ref": "cmaups",
        },
        "family": "Candidatus Borrarchaeaceae",
        "genus": "Candidatus Borrarchaeum",
        "order": "Candidatus Borrarchaeales",
        "phylum": "Candidatus Borrarchaeota",
        "superkingdom": "Archaea",
      },
    ],
  },
}
`;
