// Vitest Snapshot v1, https://vitest.dev/guide/snapshot.html

exports[`syncCmaups 1`] = `
{
  "_id": "NPC146355",
  "data": {
    "activities": [
      {
        "assay": "IC50 : 5900 nM",
        "externalRef": "PMID : 16413779",
      },
    ],
    "cid": "24992964",
    "ocl": {
      "idCode": "fa{@p@@F\\\\fo\\\\dTRbRRRafRtIJRMkqVuTEATAAEPDaBRbe@@",
      "noStereoTautomerID": "fa{@p@@F\\\\fo\\\\dTRbRRRafRtIJRMkqVuUUUUUUUU@AkuFLXIbfFXy\`VIXU\`vKX]cv@xcaNLxKbnFx{b^ExRFN\\\\YL_CGpp",
    },
    "taxonomies": [
      {
        "class": "Candidatus Borrarchaeia",
        "dbRef": {
          "$id": "NPC146355",
          "$ref": "cmaups",
        },
        "family": "Candidatus Borrarchaeaceae",
        "genus": "Candidatus Borrarchaeum",
        "order": "Candidatus Borrarchaeales",
        "phylum": "Candidatus Borrarchaeota",
        "superkingdom": "Archaea",
      },
    ],
  },
}
`;
