// Vitest Snapshot v1, https://vitest.dev/guide/snapshot.html

exports[`getCompoundData test if index are correct 1`] = `
{
  "data": {
    "atoms": {
      "C": 4,
      "H": 10,
      "O": 1,
    },
    "charge": 0,
    "em": 74.07316494187,
    "mf": "C4H10O",
    "mw": 74.12175605181704,
    "nbFragments": 1,
    "ocl": {
      "acceptorCount": 1,
      "donorCount": 0,
      "idCode": "gJQ@@eKU@@",
      "index": [
        -95943616,
        512,
        1048576,
        0,
        0,
        32,
        0,
        0,
        0,
        0,
        0,
        0,
        0,
        0,
        0,
        0,
      ],
      "logP": 0.8846999406814575,
      "logS": -0.9049999713897705,
      "noStereoTautomerID": "gJQ@@eKU@@",
      "polarSurfaceArea": 9.229999542236328,
      "rotatableBondCount": 2,
      "stereoCenterCount": 0,
    },
    "unsaturation": 0,
  },
}
`;

exports[`getCompoundsData 1`] = `
{
  "data": {
    "atoms": {
      "C": 37,
      "H": 60,
      "O": 8,
    },
    "charge": 0,
    "em": 632.42881889036,
    "mf": "C37H60O8",
    "mw": 632.868912817097,
    "nbFragments": 1,
    "ocl": {
      "acceptorCount": 8,
      "donorCount": 4,
      "idCode": "ekTpA@@@LAEMGLn\\dTTRbRfLbteRrRTfbqbtRthdRjZFFfNnAQjjjjjjjfjjjjjijjh@@",
      "index": [
        -176155,
        -307601666,
        -1275154608,
        -1967272330,
        -104531155,
        2053882932,
        1199594955,
        -732785978,
        2019820188,
        -1526556927,
        302012420,
        -2147285629,
        134746113,
        812667200,
        536870976,
        134250500,
      ],
      "logP": 4.544999875128269,
      "logS": -5.477999992668629,
      "noStereoTautomerID": "ekTpA@@@LAEMGLn\\dTTRbRfLbteRrRTfbqbtRthdRjZFFfNnAQjjjjjjjfjjjjjijjh@@",
      "polarSurfaceArea": 117.83999633789062,
      "rotatableBondCount": 8,
      "stereoCenterCount": 15,
    },
    "unsaturation": 8,
  },
}
`;
