// Vitest Snapshot v1, https://vitest.dev/guide/snapshot.html

exports[`syncLotuses 1`] = `
{
  "_id": "LTS0257199",
  "data": {
    "iupacName": "(2R,3S,4R,5R,6R)-2-(hydroxymethyl)-6-{[(1R,4S,5S,8R,9R,12S,13S,16S)-8-[(2R,4S)-4-methoxy-6-methylhept-5-en-2-yl]-5,9,17,17-tetramethyl-18-oxapentacyclo[10.5.2.0¹,¹³.0⁴,¹².0⁵,⁹]nonadec-2-en-16-yl]oxy}oxane-3,4,5-triol",
    "ocl": {
      "idCode": "ekTpA@@@LAEMGLn\\dTTRbRfLbteRrRTfbqbtRthdRjZFFfNnAQjjjjjjjfjjjjjijjkrBHPaTKaRSrUPZSKZWHEXqe@@",
      "noStereoTautomerID": "ekTpA@@@LAEMGLn\\dTTRbRfLbteRrRTfbqbtRthdRjZFFfNnAQjjjjjjjfjjjjjijjh@@",
    },
    "taxonomies": [
      {
        "class": "Magnoliopsida",
        "dbRef": {
          "$id": "LTS0257199",
          "$ref": "lotuses",
        },
        "family": "Cucurbitaceae",
        "genus": "Momordica",
        "kingdom": "Viridiplantae",
        "phylum": "Streptophyta",
        "species": "Momordica charantia",
      },
    ],
  },
}
`;
