// Vitest Snapshot v1, https://vitest.dev/guide/snapshot.html

exports[`syncSubstances > syncSubstances First Importation 1`] = `
{
  "_id": 56427212,
  "data": {
    "atom": null,
    "charge": 0,
    "cids": [
      25010774,
      313,
      650899,
    ],
    "em": 355.16626939198005,
    "mf": "C17H25N3O3.HCl",
    "mw": 355.86023183984963,
    "nbFragments": 2,
    "ocl": {
      "coordinates": "!BAMvH@hc}?\`C~_x\`BmpJH__x@?\`Bw@ox@mpK~@K\\\\B?\`BH@k\\\\B?\`Bw?[\\\\BmpJw?P",
      "idCode": "facqb@BF}CDPQBBrrojk\\\\jkS^mUUUUL@D@@@",
      "noStereoTautomerID": "facqb@BF}CDPQBBrrojk\\\\jkS^mUUUUT@D@AjavOXRFQjX~FOa\`",
    },
    "unsaturation": null,
  },
  "naturalProduct": false,
}
`;

exports[`syncSubstances > syncSubstances Incremental Importation 1`] = `
{
  "_id": 475724937,
  "data": {
    "atom": "{\\"C\\":19,\\"H\\":29,\\"N\\":1,\\"O\\":5,\\"S\\":1}",
    "charge": 0,
    "cids": [
      10738749,
    ],
    "em": 383.17664421135004,
    "mf": "C19H29NO5S",
    "mw": 383.5027791447515,
    "nbFragments": 1,
    "ocl": {
      "coordinates": "!B@k]}m{\\\\Bb@Jw__x@bOvw@h\`Bb@K~@K]}bOvw@k\\\\Bb@Jw?[\\\\Bmww~_{\\\\Bmwu}bK]}@k\\\\",
      "idCode": "fe{aR@DpQ\`mPAFRREQIJKIHiSJQUoQVhHJJjfjb@@",
      "noStereoTautomerID": "fe{aR@DpQ\`mPAFRREQIJKIHiQZQUoQVhHJJjjjb@CUB\\\\Eq~dLkTq|L_C@",
    },
    "unsaturation": 6,
  },
  "naturalProduct": false,
}
`;
