// Jest Snapshot v1, https://goo.gl/fbAQLP

exports[`syncSubstances First Importation 1`] = `
Object {
  "_id": 56435271,
  "_seq": 6,
  "data": Object {
    "atom": null,
    "charge": 0,
    "cids": Array [
      15945538,
    ],
    "em": 358.16410520505997,
    "mf": "C18H22N4O4",
    "mw": 358.3923752735178,
    "nbFragments": 1,
    "ocl": Object {
      "acceptorCount": 8,
      "coordinates": "!BsMpiNNAefFsjGqcc?\`@@?iMgzsJH?Jh{Iz{~@Ha}b@JH@ha}b@JH?X\`B?g~H?Xc}?g|",
      "donorCount": 0,
      "idCode": "fegHPBHLtdBAJaJNrJZJJZZZEKIQILEEHymRuMUUT@E@@@",
      "index": Array [
        254,
        255,
        255,
        255,
        127,
        255,
        222,
        247,
        123,
        231,
        125,
        125,
        46,
        54,
        246,
        189,
        182,
        186,
        169,
        158,
        9,
        1,
        50,
        135,
        44,
        66,
        191,
        57,
        173,
        33,
        21,
        176,
        34,
        144,
        145,
        238,
        232,
        9,
        126,
        218,
        196,
        3,
        148,
        0,
        11,
        20,
        149,
        10,
        4,
        128,
        16,
        132,
        16,
        0,
        5,
        129,
        72,
        0,
        64,
        2,
        2,
        192,
        0,
        128,
      ],
      "logP": 1.6451000235974789,
      "logS": -2.627000069245696,
      "noStereoID": "fegHPBH\\\\tdeIJaMNrRJJJFZFEKIQI\\\\eEHytmMMUUT@E@@Gy\`@",
      "noStereoTautomerID": "fegHPBH\\\\tdBcVyMnrQJIJJJVEKIQIXIEHyuUUUUUT@E@@ZjQcFBXiafNXEbVMXgc}HXZccxX~F@",
      "polarSurfaceArea": 95.40000009536743,
      "rotatableBondCount": 5,
      "stereoCenterCount": 0,
    },
    "unsaturation": 10,
  },
  "naturalProduct": false,
}
`;

exports[`syncSubstances Incremental Importation 1`] = `
Object {
  "_id": 56435292,
  "_seq": 26,
  "data": Object {
    "atom": null,
    "charge": 0,
    "cids": Array [
      2335673,
    ],
    "em": 432.05467051102,
    "mf": "C20H17ClN2O5S",
    "mw": 432.8778667868712,
    "nbFragments": 1,
    "ocl": Object {
      "acceptorCount": 7,
      "coordinates": "!B~obSFN@ZkMa?oox@b@OMZ{tHbGpH_G~~B@N}BMHT_{z}B@Lw_wy?_\`Lw_wzMy@Lwtd|?TWoKV]|",
      "donorCount": 0,
      "idCode": "ek\`TJD@@jaIONi\`H\`\`HRYfy]~yW[eHXtlJjvNfhFBIjjffhd@@",
      "index": Array [
        254,
        253,
        127,
        255,
        95,
        255,
        221,
        215,
        223,
        146,
        125,
        125,
        45,
        21,
        242,
        61,
        180,
        152,
        137,
        138,
        169,
        57,
        54,
        130,
        60,
        98,
        174,
        11,
        41,
        96,
        141,
        162,
        2,
        40,
        152,
        171,
        238,
        9,
        102,
        66,
        204,
        32,
        20,
        8,
        2,
        60,
        132,
        17,
        0,
        194,
        48,
        212,
        28,
        16,
        17,
        132,
        0,
        64,
        64,
        1,
        2,
        0,
        0,
        168,
      ],
      "logP": 3.2176000624895096,
      "logS": -3.9499999545514584,
      "noStereoID": "ek\`TJD@@jmCOAej@cbHrRJJIZsISQIYQSJa\`RPjkXx\`fBZfjjejbP@C|p@",
      "noStereoTautomerID": "ek\`TJD@@jaIONi\`H\`\`HRYfy]~yW[eHXtlJjvNfhFBJjjffhd@CUBsCfOt\`sricxX~F@",
      "polarSurfaceArea": 108.29999876022339,
      "rotatableBondCount": 5,
      "stereoCenterCount": 0,
    },
    "unsaturation": 13,
  },
  "naturalProduct": false,
}
`;
