// Vitest Snapshot v1

exports[`syncSubstances > syncSubstances First Importation 1`] = `
{
  "_id": 56427212,
  "data": {
    "atom": null,
    "charge": 0,
    "cids": [
      25010774,
      313,
      650899,
    ],
    "em": 355.16626939198005,
    "mf": "C17H25N3O3.HCl",
    "mw": 355.86023183984963,
    "nbFragments": 2,
    "ocl": {
      "acceptorCount": 6,
      "coordinates": "!BAMvH@hc}?\`C~_x\`BmpJH__x@?\`Bw@ox@mpK~@K\\\\B?\`BH@k\\\\B?\`Bw?[\\\\BmpJw?P",
      "donorCount": 2,
      "idCode": "facqb@BF}CDPQBBrrojk\\\\jkS^mUUUUL@D@@@",
      "index": [
        255,
        255,
        255,
        255,
        223,
        255,
        254,
        191,
        27,
        254,
        255,
        255,
        126,
        19,
        115,
        63,
        185,
        248,
        141,
        170,
        152,
        4,
        146,
        205,
        32,
        66,
        143,
        172,
        0,
        33,
        5,
        38,
        2,
        9,
        128,
        34,
        72,
        1,
        84,
        136,
        228,
        0,
        16,
        3,
        12,
        3,
        136,
        2,
        0,
        0,
        0,
        160,
        0,
        0,
        64,
        0,
        0,
        0,
        0,
        0,
        64,
        0,
        40,
        128,
      ],
      "logP": 1.6990000009536743,
      "logS": -2.489999981597066,
      "noStereoID": "facqb@JZbSI^qBULn~lkmirPXpLDUUUMQ@@_f@",
      "noStereoTautomerID": "facqb@BF}CDPQBBrrojk\\\\jkS^mUUUUT@D@AjavOXRFQjX~FOa\`",
      "polarSurfaceArea": 70.66999840736389,
      "rotatableBondCount": 7,
      "stereoCenterCount": 0,
    },
    "unsaturation": null,
  },
  "naturalProduct": false,
}
`;

exports[`syncSubstances > syncSubstances Incremental Importation 1`] = `
{
  "_id": 475724937,
  "data": {
    "atom": "{\\"C\\":19,\\"H\\":29,\\"N\\":1,\\"O\\":5,\\"S\\":1}",
    "charge": 0,
    "cids": [
      10738749,
    ],
    "em": 383.17664421135004,
    "mf": "C19H29NO5S",
    "mw": 383.5027791447515,
    "nbFragments": 1,
    "ocl": {
      "acceptorCount": 6,
      "coordinates": "",
      "donorCount": 1,
      "idCode": "fe{aR@DpQ\`mPAFRREQIJKIHiSJQUoQVhHJJjfjb@@",
      "index": [
        255,
        255,
        255,
        255,
        255,
        255,
        255,
        255,
        218,
        252,
        255,
        159,
        126,
        143,
        127,
        243,
        57,
        106,
        173,
        253,
        81,
        198,
        212,
        107,
        1,
        84,
        140,
        142,
        16,
        203,
        40,
        38,
        3,
        153,
        192,
        96,
        16,
        0,
        0,
        148,
        128,
        32,
        24,
        35,
        32,
        1,
        0,
        128,
        0,
        0,
        128,
        128,
        128,
        161,
        104,
        36,
        80,
        0,
        0,
        2,
        64,
        64,
        40,
        8,
      ],
      "logP": 3.4720000103116035,
      "logS": -3.7240000274032354,
      "noStereoID": "fe{aR@DhpPmPAFRRJEIKQI[ISJRV\`qe\`\`bjjfjb@@L@",
      "noStereoTautomerID": "fe{aR@DpQ\`mPAFRREQIJKIHiQZQUoQVhHJJjjjb@CUB\\\\Eq~dLkTq|L_C@",
      "polarSurfaceArea": 90.07999801635742,
      "rotatableBondCount": 7,
      "stereoCenterCount": 0,
    },
    "unsaturation": 6,
  },
  "naturalProduct": false,
}
`;
