// Vitest Snapshot v1, https://vitest.dev/guide/snapshot.html

exports[`In silico fragmentation 1`] = `
{
  "_id": "fle@P@@XUGIEEMLhdecJBMzjjjjjj\`@udcFLLqsBlZp{B\\\\Yq~dLqQq|L_C@",
  "data": {
    "masses": {
      "positive": [
        265.143985,
        221.154155,
        249.14907,
        231.138505,
        247.13342,
        203.14359,
      ],
    },
    "ocl": {
      "idCode": "fle@P@@HeGHheEEEdlUF\\\\tyjBhJJj@@@",
    },
  },
}
`;
