// Vitest Snapshot v1, https://vitest.dev/guide/snapshot.html

exports[`search (inSilicoFragments) > masses (inSilicoFragments) 2`] = `
[
  {
    "_id": "eg\`PN@@@HlbfamdifYYW^VUU\\\\aaqHJjjhJhJbjjjh\`@M^ILJX\\\\qy\`kBvOl_iAfu[Gpq|L",
    "data": {
      "masses": {
        "positive": [
          419.20698,
          237.14907,
          223.13342,
        ],
      },
      "ocl": {
        "idCode": "eg\`PN@@@HlbfamdifYYW^VUU\\\\aaqHJjjhHH@bbjjh@@@",
      },
    },
  },
]
`;
