// Vitest Snapshot v1, https://vitest.dev/guide/snapshot.html

exports[`syncCoconuts 1`] = `
{
  "_id": "CNP0330764",
  "data": {
    "iupacName": "10-hydroxy-5,9-dimethyl-15-[(3-methylbut-2-enoyl)oxy]-14-methylidenetetracyclo[11.2.1.0¹,¹⁰.0⁴,⁹]hexadecane-5-carboxylic acid",
    "ocl": {
      "idCode": "eghPJ@@@D@cklbbRbbbdjdUdJtffcgbVQPrsTuSUUUUUSUP@@",
      "noStereoTautomerID": "eghPJ@@@JGCkldTTTTfrdVadZtf\`fe\`TQPruUSUUUUUUUUP@FoAFJLZXbpec[AvOtPrbecxX~FNjX~FOa\`",
    },
    "taxonomies": [
      {
        "dbRef": {
          "$id": "CNP0330764",
          "$ref": "coconuts",
        },
        "species": "Adenocarpus foliolosus",
      },
      {
        "dbRef": {
          "$id": "CNP0330764",
          "$ref": "coconuts",
        },
        "species": "Piper taboganum",
      },
      {
        "dbRef": {
          "$id": "CNP0330764",
          "$ref": "coconuts",
        },
        "species": "Microglossa pyrrhopappa",
      },
      {
        "dbRef": {
          "$id": "CNP0330764",
          "$ref": "coconuts",
        },
        "species": "Betula exilis",
      },
      {
        "dbRef": {
          "$id": "CNP0330764",
          "$ref": "coconuts",
        },
        "species": "Rubia schumanniana",
      },
      {
        "dbRef": {
          "$id": "CNP0330764",
          "$ref": "coconuts",
        },
        "species": "Polygala reinii",
      },
      {
        "dbRef": {
          "$id": "CNP0330764",
          "$ref": "coconuts",
        },
        "species": "plants",
      },
      {
        "dbRef": {
          "$id": "CNP0330764",
          "$ref": "coconuts",
        },
        "species": "Ipomoea reptans",
      },
      {
        "dbRef": {
          "$id": "CNP0330764",
          "$ref": "coconuts",
        },
        "species": "Anthoxanthum nitens",
      },
      {
        "dbRef": {
          "$id": "CNP0330764",
          "$ref": "coconuts",
        },
        "species": "Sabal causiarum",
      },
      {
        "dbRef": {
          "$id": "CNP0330764",
          "$ref": "coconuts",
        },
        "species": "Retama duriaei",
      },
      {
        "dbRef": {
          "$id": "CNP0330764",
          "$ref": "coconuts",
        },
        "species": "Oreoherzogia fallax",
      },
      {
        "dbRef": {
          "$id": "CNP0330764",
          "$ref": "coconuts",
        },
        "species": "Ichthyothere terminalis",
      },
      {
        "dbRef": {
          "$id": "CNP0330764",
          "$ref": "coconuts",
        },
        "species": "Chromolaena arnottiana",
      },
      {
        "dbRef": {
          "$id": "CNP0330764",
          "$ref": "coconuts",
        },
        "species": "Clethra macrophylla",
      },
    ],
  },
}
`;
