// Vitest Snapshot v1

exports[`syncCoconuts 1`] = `
{
  "_id": "CNP0330764",
  "data": {
    "iupacName": "10-hydroxy-5,9-dimethyl-15-[(3-methylbut-2-enoyl)oxy]-14-methylidenetetracyclo[11.2.1.0¹,¹⁰.0⁴,⁹]hexadecane-5-carboxylic acid",
    "ocl": {
      "coordinates": "!B?l]kcQRMZ{HTlmlUd]c~vARMJX]CkHt@qKzGUcv\`NXa\\\\\`l^n\`hpx\\\\RUDG?ZBcHJLNGDeQEh{VcnBc@",
      "idCode": "eghPJ@@@D@cklbbRbbbdjdUdJtffcgbVQPrsTuSUUUUUSUP@@",
      "index": [
        247,
        111,
        255,
        255,
        255,
        222,
        174,
        239,
        120,
        191,
        246,
        191,
        126,
        206,
        255,
        142,
        159,
        255,
        193,
        253,
        49,
        197,
        107,
        126,
        235,
        93,
        132,
        74,
        79,
        242,
        114,
        215,
        158,
        66,
        100,
        252,
        131,
        143,
        66,
        245,
        16,
        90,
        17,
        2,
        140,
        3,
        2,
        164,
        1,
        16,
        10,
        153,
        68,
        80,
        65,
        48,
        200,
        0,
        2,
        64,
        12,
        128,
        1,
        8,
      ],
      "noStereoID": "eghPJ@@NIJemlddTbbRdVQUbdva\`fbafgfWUUUUUSUMRuUP@A~X@",
      "noStereoTautomerID": "eghPJ@@@JGCkldTTTTfrdVadZtf\`fe\`TQPruUSUUUUUUUUP@FoAFJLZXbpec[AvOtPrbecxX~FNjX~FOa\`",
    },
    "taxonomies": [
      {
        "dbRef": {
          "$id": "CNP0330764",
          "$ref": "coconuts",
        },
        "species": "Adenocarpus foliolosus",
      },
      {
        "dbRef": {
          "$id": "CNP0330764",
          "$ref": "coconuts",
        },
        "species": "Piper taboganum",
      },
      {
        "dbRef": {
          "$id": "CNP0330764",
          "$ref": "coconuts",
        },
        "species": "Microglossa pyrrhopappa",
      },
      {
        "dbRef": {
          "$id": "CNP0330764",
          "$ref": "coconuts",
        },
        "species": "Betula exilis",
      },
      {
        "dbRef": {
          "$id": "CNP0330764",
          "$ref": "coconuts",
        },
        "species": "Rubia schumanniana",
      },
      {
        "dbRef": {
          "$id": "CNP0330764",
          "$ref": "coconuts",
        },
        "species": "Polygala reinii",
      },
      {
        "dbRef": {
          "$id": "CNP0330764",
          "$ref": "coconuts",
        },
        "species": "plants",
      },
      {
        "dbRef": {
          "$id": "CNP0330764",
          "$ref": "coconuts",
        },
        "species": "Ipomoea reptans",
      },
      {
        "dbRef": {
          "$id": "CNP0330764",
          "$ref": "coconuts",
        },
        "species": "Anthoxanthum nitens",
      },
      {
        "dbRef": {
          "$id": "CNP0330764",
          "$ref": "coconuts",
        },
        "species": "Sabal causiarum",
      },
      {
        "dbRef": {
          "$id": "CNP0330764",
          "$ref": "coconuts",
        },
        "species": "Retama duriaei",
      },
      {
        "dbRef": {
          "$id": "CNP0330764",
          "$ref": "coconuts",
        },
        "species": "Oreoherzogia fallax",
      },
      {
        "dbRef": {
          "$id": "CNP0330764",
          "$ref": "coconuts",
        },
        "species": "Ichthyothere terminalis",
      },
      {
        "dbRef": {
          "$id": "CNP0330764",
          "$ref": "coconuts",
        },
        "species": "Chromolaena arnottiana",
      },
      {
        "dbRef": {
          "$id": "CNP0330764",
          "$ref": "coconuts",
        },
        "species": "Clethra macrophylla",
      },
    ],
  },
}
`;
