// Vitest Snapshot v1, https://vitest.dev/guide/snapshot.html

exports[`checkGNPSLink 1`] = `
[
  "https://external.gnps2.org/gnpslibrary/GNPS-LIBRARY.json",
  "https://external.gnps2.org/gnpslibrary/GNPS-SELLECKCHEM-FDA-PART1.json",
  "https://external.gnps2.org/gnpslibrary/GNPS-SELLECKCHEM-FDA-PART2.json",
  "https://external.gnps2.org/gnpslibrary/GNPS-PRESTWICKPHYTOCHEM.json",
  "https://external.gnps2.org/gnpslibrary/GNPS-NIH-CLINICALCOLLECTION1.json",
  "https://external.gnps2.org/gnpslibrary/GNPS-NIH-CLINICALCOLLECTION2.json",
  "https://external.gnps2.org/gnpslibrary/GNPS-NIH-NATURALPRODUCTSLIBRARY.json",
  "https://external.gnps2.org/gnpslibrary/GNPS-NIH-NATURALPRODUCTSLIBRARY_ROUND2_POSITIVE.json",
  "https://external.gnps2.org/gnpslibrary/GNPS-NIH-NATURALPRODUCTSLIBRARY_ROUND2_NEGATIVE.json",
  "https://external.gnps2.org/gnpslibrary/GNPS-NIH-SMALLMOLECULEPHARMACOLOGICALLYACTIVE.json",
  "https://external.gnps2.org/gnpslibrary/GNPS-FAULKNERLEGACY.json",
  "https://external.gnps2.org/gnpslibrary/GNPS-EMBL-MCF.json",
  "https://external.gnps2.org/gnpslibrary/GNPS-COLLECTIONS-PESTICIDES-POSITIVE.json",
  "https://external.gnps2.org/gnpslibrary/GNPS-COLLECTIONS-PESTICIDES-NEGATIVE.json",
  "https://external.gnps2.org/gnpslibrary/MMV_POSITIVE.json",
  "https://external.gnps2.org/gnpslibrary/MMV_NEGATIVE.json",
  "https://external.gnps2.org/gnpslibrary/LDB_POSITIVE.json",
  "https://external.gnps2.org/gnpslibrary/LDB_NEGATIVE.json",
  "https://external.gnps2.org/gnpslibrary/GNPS-NIST14-MATCHES.json",
  "https://external.gnps2.org/gnpslibrary/GNPS-COLLECTIONS-MISC.json",
  "https://external.gnps2.org/gnpslibrary/GNPS-MSMLS.json",
  "https://external.gnps2.org/gnpslibrary/PSU-MSMLS.json",
  "https://external.gnps2.org/gnpslibrary/BILELIB19.json",
  "https://external.gnps2.org/gnpslibrary/DEREPLICATOR_IDENTIFIED_LIBRARY.json",
  "https://external.gnps2.org/gnpslibrary/PNNL-LIPIDS-POSITIVE.json",
  "https://external.gnps2.org/gnpslibrary/PNNL-LIPIDS-NEGATIVE.json",
  "https://external.gnps2.org/gnpslibrary/MIADB.json",
  "https://external.gnps2.org/gnpslibrary/HCE-CELL-LYSATE-LIPIDS.json",
  "https://external.gnps2.org/gnpslibrary/UM-NPDC.json",
  "https://external.gnps2.org/gnpslibrary/GNPS-NUTRI-METAB-FEM-POS.json",
  "https://external.gnps2.org/gnpslibrary/GNPS-NUTRI-METAB-FEM-NEG.json",
  "https://external.gnps2.org/gnpslibrary/GNPS-SCIEX-LIBRARY.json",
  "https://external.gnps2.org/gnpslibrary/GNPS-IOBA-NHC.json",
  "https://external.gnps2.org/gnpslibrary/BERKELEY-LAB.json",
  "https://external.gnps2.org/gnpslibrary/IQAMDB.json",
  "https://external.gnps2.org/gnpslibrary/GNPS-SAM-SIK-KANG-LEGACY-LIBRARY.json",
  "https://external.gnps2.org/gnpslibrary/GNPS-D2-AMINO-LIPID-LIBRARY.json",
  "https://external.gnps2.org/gnpslibrary/DRUGS-OF-ABUSE-LIBRARY.json",
  "https://external.gnps2.org/gnpslibrary/ECG-ACYL-AMIDES-C4-C24-LIBRARY.json",
  "https://external.gnps2.org/gnpslibrary/ECG-ACYL-ESTERS-C4-C24-LIBRARY.json",
  "https://external.gnps2.org/gnpslibrary/LEAFBOT.json",
  "https://external.gnps2.org/gnpslibrary/XANTHONES-DB.json",
  "https://external.gnps2.org/gnpslibrary/TUEBINGEN-NATURAL-PRODUCT-COLLECTION.json",
  "https://external.gnps2.org/gnpslibrary/NEO-MSMS.json",
  "https://external.gnps2.org/gnpslibrary/PHENOLICSDB.json",
  "https://external.gnps2.org/gnpslibrary/DMIM-DRUG-METABOLITE-LIBRARY.json",
  "https://external.gnps2.org/gnpslibrary/ELIXDB-LICHEN-DATABASE.json",
  "https://external.gnps2.org/gnpslibrary/MSNLIB-POSITIVE.json",
  "https://external.gnps2.org/gnpslibrary/MSNLIB-NEGATIVE.json",
  "https://external.gnps2.org/gnpslibrary/GNPS-N-ACYL-LIPIDS-MASSQL.json",
  "https://external.gnps2.org/gnpslibrary/MCE-DRUG.json",
  "https://external.gnps2.org/gnpslibrary/CMMC-FOOD-BIOMARKERS.json",
  "https://external.gnps2.org/gnpslibrary/ECRFS_DB.json",
  "https://external.gnps2.org/gnpslibrary/AASDB.json",
  "https://external.gnps2.org/gnpslibrary/WINE-DB-QTOF.json",
  "https://external.gnps2.org/gnpslibrary/WINE-DB-ORBITRAP.json",
  "https://external.gnps2.org/gnpslibrary/3-HYDROXY-ACYL-AMIDES-LIBRARY.json",
  "https://external.gnps2.org/gnpslibrary/WFSR-LIBRARY.json",
  "https://external.gnps2.org/gnpslibrary/PYRROLIZIDINE-ALKALOID-SPECTRAL-LIBRARY.json",
  "https://external.gnps2.org/gnpslibrary/GNPS-REFRAME-DRUG-CCS-LIBRARY.json",
  "https://external.gnps2.org/gnpslibrary/GNPS-ION-MOBILITY-LIBRARY-FILTERED.json",
  "https://external.gnps2.org/gnpslibrary/GNPS-ION-MOBILITY-LIBRARY.json",
  "https://external.gnps2.org/gnpslibrary/GNPS-ALKYLAMINES-LIBRARY.json",
  "https://external.gnps2.org/gnpslibrary/GNPS-ALKYLAMINES-BILE-ACIDS-LIBRARY.json",
  "https://external.gnps2.org/gnpslibrary/GNPS-XENORHABDUS-PHOTORHABDUS-COMPOUNDS-LIBRARY.json",
  "https://external.gnps2.org/gnpslibrary/GNPS-MASSQL-BILE-ACID-ISOMER.json",
  "https://external.gnps2.org/gnpslibrary/GNPS-IIMN-PROPOGATED.json",
  "https://external.gnps2.org/gnpslibrary/GNPS-SUSPECTLIST.json",
  "https://external.gnps2.org/gnpslibrary/GNPS-BILE-ACID-MODIFICATIONS.json",
  "https://external.gnps2.org/gnpslibrary/GNPS-DRUG-ANALOG.json",
  "https://external.gnps2.org/gnpslibrary/REFRAME-POSITIVE-LIBRARY.json",
  "https://external.gnps2.org/gnpslibrary/REFRAME-NEGATIVE-LIBRARY.json",
  "https://external.gnps2.org/gnpslibrary/MULTIPLEX-SYNTHESIS-LIBRARY-ALL-PARTITION-1.json",
  "https://external.gnps2.org/gnpslibrary/MULTIPLEX-SYNTHESIS-LIBRARY-ALL-PARTITION-2.json",
  "https://external.gnps2.org/gnpslibrary/MULTIPLEX-SYNTHESIS-LIBRARY-ALL-PARTITION-3.json",
  "https://external.gnps2.org/gnpslibrary/MULTIPLEX-SYNTHESIS-LIBRARY-ALL-PARTITION-4.json",
  "https://external.gnps2.org/gnpslibrary/MULTIPLEX-SYNTHESIS-LIBRARY-ALL-PARTITION-5.json",
  "https://external.gnps2.org/gnpslibrary/MULTIPLEX-SYNTHESIS-LIBRARY-ALL-PARTITION-6.json",
  "https://external.gnps2.org/gnpslibrary/MULTIPLEX-SYNTHESIS-LIBRARY-FILTERED-PARTITION-1.json",
  "https://external.gnps2.org/gnpslibrary/MULTIPLEX-SYNTHESIS-LIBRARY-FILTERED-PARTITION-2.json",
  "https://external.gnps2.org/gnpslibrary/MULTIPLEX-SYNTHESIS-LIBRARY-FILTERED-PARTITION-3.json",
  "https://external.gnps2.org/gnpslibrary/MULTIPLEX-SYNTHESIS-LIBRARY-FILTERED-PARTITION-4.json",
  "https://external.gnps2.org/gnpslibrary/GNPS-CONJUGATED-METABOLOME-POSITIVE-PARTITION-1.json",
  "https://external.gnps2.org/gnpslibrary/GNPS-CONJUGATED-METABOLOME-POSITIVE-PARTITION-2.json",
  "https://external.gnps2.org/gnpslibrary/GNPS-CONJUGATED-METABOLOME-POSITIVE-PARTITION-3.json",
  "https://external.gnps2.org/gnpslibrary/GNPS-CONJUGATED-METABOLOME-NEGATIVE.json",
  "https://external.gnps2.org/gnpslibrary/GNPS-CANDIDATE-CARNITINES-MASSQL.json",
  "https://external.gnps2.org/gnpslibrary/GNPS-SYNTHESIS-CARNITINES.json",
  "https://external.gnps2.org/gnpslibrary/BMDMS-NP.json",
  "https://external.gnps2.org/gnpslibrary/MASSBANK.json",
  "https://external.gnps2.org/gnpslibrary/MASSBANKEU.json",
  "https://external.gnps2.org/gnpslibrary/MONA.json",
  "https://external.gnps2.org/gnpslibrary/RESPECT.json",
  "https://external.gnps2.org/gnpslibrary/HMDB.json",
  "https://external.gnps2.org/gnpslibrary/CASMI.json",
  "https://external.gnps2.org/gnpslibrary/SUMNER.json",
  "https://external.gnps2.org/gnpslibrary/BIRMINGHAM-UHPLC-MS-POS.json",
  "https://external.gnps2.org/gnpslibrary/BIRMINGHAM-UHPLC-MS-NEG.json",
  "https://external.gnps2.org/gnpslibrary/ALL_GNPS.json",
  "https://external.gnps2.org/gnpslibrary/ALL_GNPS_NO_PROPOGATED.json",
  "https://external.gnps2.org/processed_gnps_data/gnps_cleaned.json",
  "https://external.gnps2.org/processed_gnps_library/CMMC-REFRAME-NEGATIVE-LIBRARY.json",
  "https://external.gnps2.org/processed_gnps_library/CMMC-REFRAME-POSITIVE-LIBRARY.json",
  "https://external.gnps2.org/processed_gnps_library/GNPS-BILE-ACID-MODIFICATIONS.json",
  "https://external.gnps2.org/processed_gnps_library/GNPS-CANDIDATE-CARNITINES-MASSQL.json",
  "https://external.gnps2.org/processed_gnps_library/GNPS-CONJUGATED-METABOLOME-NEGATIVE.json",
  "https://external.gnps2.org/processed_gnps_library/GNPS-CONJUGATED-METABOLOME-POSITIVE-PARTITION-1.json",
  "https://external.gnps2.org/processed_gnps_library/GNPS-CONJUGATED-METABOLOME-POSITIVE-PARTITION-2.json",
  "https://external.gnps2.org/processed_gnps_library/GNPS-CONJUGATED-METABOLOME-POSITIVE-PARTITION-3.json",
  "https://external.gnps2.org/processed_gnps_library/GNPS-DRUG-ANALOG.json",
  "https://external.gnps2.org/processed_gnps_library/GNPS-IIMN-PROPOGATED.json",
  "https://external.gnps2.org/processed_gnps_library/GNPS-MASSQL-BILE-ACID-ISOMER.json",
  "https://external.gnps2.org/processed_gnps_library/GNPS-SUSPECTLIST.json",
  "https://external.gnps2.org/processed_gnps_library/GNPS-SYNTHESIS-CARNITINES.json",
  "https://external.gnps2.org/processed_gnps_library/MULTIPLEX-SYNTHESIS-LIBRARY-ALL-PARTITION-1.json",
  "https://external.gnps2.org/processed_gnps_library/MULTIPLEX-SYNTHESIS-LIBRARY-ALL-PARTITION-2.json",
  "https://external.gnps2.org/processed_gnps_library/MULTIPLEX-SYNTHESIS-LIBRARY-ALL-PARTITION-3.json",
  "https://external.gnps2.org/processed_gnps_library/MULTIPLEX-SYNTHESIS-LIBRARY-ALL-PARTITION-4.json",
  "https://external.gnps2.org/processed_gnps_library/MULTIPLEX-SYNTHESIS-LIBRARY-ALL-PARTITION-5.json",
  "https://external.gnps2.org/processed_gnps_library/MULTIPLEX-SYNTHESIS-LIBRARY-ALL-PARTITION-6.json",
  "https://external.gnps2.org/processed_gnps_library/MULTIPLEX-SYNTHESIS-LIBRARY-FILTERED-PARTITION-1.json",
  "https://external.gnps2.org/processed_gnps_library/MULTIPLEX-SYNTHESIS-LIBRARY-FILTERED-PARTITION-2.json",
  "https://external.gnps2.org/processed_gnps_library/MULTIPLEX-SYNTHESIS-LIBRARY-FILTERED-PARTITION-3.json",
  "https://external.gnps2.org/processed_gnps_library/MULTIPLEX-SYNTHESIS-LIBRARY-FILTERED-PARTITION-4.json",
  "https://external.gnps2.org/processed_gnps_library/REFRAME-NEGATIVE-LIBRARY.json",
  "https://external.gnps2.org/processed_gnps_library/REFRAME-POSITIVE-LIBRARY.json",
]
`;
