// Vitest Snapshot v1, https://vitest.dev/guide/snapshot.html

exports[`getGHS 1`] = `
{
  "H200": {
    "ghsCategory": "Unstable Explosive",
    "ghsClass": "Explosives",
    "ghsPictograms": "GHS01",
    "ghsSignal": "Danger",
    "hStatement": "(Deleted) Unstable Explosive",
    "pCode": "P201,P202,P281,P372,P373,P380,P401,P501",
  },
  "H201": {
    "ghsCategory": "Div 1.1",
    "ghsClass": "Explosives",
    "ghsPictograms": "GHS01",
    "ghsSignal": "Danger",
    "hStatement": "(Deleted) Explosive; mass explosion hazard",
    "pCode": "P210,P230,P240,P250,P280,P370+P380,P372,P373,P401,P501",
  },
  "H202": {
    "ghsCategory": "Div 1.2",
    "ghsClass": "Explosives",
    "ghsPictograms": "GHS01",
    "ghsSignal": "Danger",
    "hStatement": "(Deleted) Explosive; severe projection hazard",
    "pCode": "P210,P230,P240,P250,P280,P370+P380,P372,P373,P401,P501",
  },
  "H203": {
    "ghsCategory": "Div 1.3",
    "ghsClass": "Explosives",
    "ghsPictograms": "GHS01",
    "ghsSignal": "Danger",
    "hStatement": "(Deleted) Explosive; fire, blast or projection hazard",
    "pCode": "P210,P230,P240,P250,P280,P370+P380,P372,P373,P401,P501",
  },
  "H204": {
    "ghsCategory": "Category 2C",
    "ghsClass": "Explosives",
    "ghsPictograms": "GHS07",
    "ghsSignal": "Warning",
    "hStatement": "Fire or projection hazard",
    "pCode": "P210,P230,P234,P236,P240,P250,P280,P370+P380+P375,P401,P503",
    "unModel": "Div 1.4",
  },
  "H205": {
    "ghsCategory": "Div 1.5",
    "ghsClass": "Explosives",
    "ghsPictograms": "GHS02",
    "ghsSignal": "Danger",
    "hStatement": "(Deleted) May mass explode in fire",
    "pCode": "P210,P230,P240,P250,P280,P370+P380,P372,P373,P401,P501",
  },
  "H206": {
    "ghsCategory": "Category 1",
    "ghsClass": "Desensitized explosives",
    "ghsPictograms": "GHS02",
    "ghsSignal": "Danger",
    "hStatement": "Fire, blast or projection hazard; increased risk of explosion if desensitizing agent is reduced",
    "pCode": "P210,P212,P230,P233,P280,P370+P380+P375,P401,P501",
    "unModel": "Class 3 or Div 4.1",
  },
  "H207": {
    "ghsCategory": "Category 3",
    "ghsClass": "Desensitized explosives",
    "ghsPictograms": "GHS02",
    "ghsSignal": "Warning",
    "hStatement": "Fire or projection hazard; increased risk of explosion if desensitizing agent is reduced",
    "pCode": "P210,P212,P230,P233,P280,P370+P380+P375,P401,P501",
    "unModel": "Class 3 or Div 4.1",
  },
  "H208": {
    "ghsCategory": "Category 4",
    "ghsClass": "Desensitized explosives",
    "ghsPictograms": "GHS02",
    "ghsSignal": "Warning",
    "hStatement": "Fire hazard; increased risk of explosion if desensitizing agent is reduced",
    "pCode": "P210,P212,P230,P233,P280,P371+P380+P375,P401,P501",
    "unModel": "Class 3 or Div 4.1",
  },
  "H209": {
    "ghsCategory": "Category 2A",
    "ghsClass": "Explosives",
    "ghsPictograms": "GHS01",
    "ghsSignal": "Danger",
    "hStatement": "Explosive",
    "pCode": "P203,P210,P230,P234,P236,P240,P250,P280,P370+P372+P380+P373,P401,P503",
    "unModel": "Div 1.1, 1.2, 1.3, 1.4, 1.5, 1.6",
  },
  "H210": {
    "ghsCategory": "Category 1",
    "ghsClass": "Explosives",
    "ghsPictograms": "GHS01",
    "ghsSignal": "Danger",
    "hStatement": "Very sensitive",
    "pCode": "P230,P210,P240,P250,P280,P370+P372+P380+P373,P401,P503",
  },
  "H211": {
    "ghsCategory": "Category 1",
    "ghsClass": "Explosives",
    "ghsPictograms": "GHS01",
    "ghsSignal": "Danger",
    "hStatement": "Maybe sensitive",
    "pCode": "P230,P210,P240,P250,P280,P370+P372+P380+P373,P401,P504",
  },
  "H220": {
    "ghsCategory": "1A: Flammable gas, Pyrophoric gas, Chemically unstable gas A,B",
    "ghsClass": "Flammable gases",
    "ghsPictograms": "GHS02",
    "ghsSignal": "Danger",
    "hStatement": "Extremely flammable gas",
    "pCode": "P203,P210,P222,P280,P377,P381,P403",
    "unModel": "Div 2.1",
  },
  "H221": {
    "ghsCategory": "Category 2",
    "ghsClass": "Flammable gases",
    "ghsSignal": "Warning",
    "hStatement": "Flammable gas",
    "pCode": "P210,P377,P381,P403",
  },
  "H222": {
    "ghsCategory": "Category 1",
    "ghsClass": "Aerosols",
    "ghsPictograms": "GHS02",
    "ghsSignal": "Danger",
    "hStatement": "Extremely flammable aerosol",
    "pCode": "P210,P211,P251,P410+P412",
    "unModel": "Div 2.1",
  },
  "H223": {
    "ghsCategory": "Category 2",
    "ghsClass": "Aerosols",
    "ghsPictograms": "GHS02",
    "ghsSignal": "Warning",
    "hStatement": "Flammable aerosol",
    "pCode": "P210,P211,P251,P410+P412",
    "unModel": "Div 2.1",
  },
  "H224": {
    "ghsCategory": "Category 1",
    "ghsClass": "Flammable liquids",
    "ghsPictograms": "GHS02",
    "ghsSignal": "Danger",
    "hStatement": "Extremely flammable liquid and vapor",
    "pCode": "P210,P233,P240,P241,P242,P243,P280,P303+P361+P353,P370+P378,P403+P235,P501",
    "unModel": "Class 3",
  },
  "H225": {
    "ghsCategory": "Category 2",
    "ghsClass": "Flammable liquids",
    "ghsPictograms": "GHS02",
    "ghsSignal": "Danger",
    "hStatement": "Highly Flammable liquid and vapor",
    "pCode": "P210,P233,P240,P241,P242,P243,P280,P303+P361+P353,P370+P378,P403+P235,P501",
    "unModel": "Class 3",
  },
  "H226": {
    "ghsCategory": "Category 3",
    "ghsClass": "Flammable liquids",
    "ghsPictograms": "GHS02",
    "ghsSignal": "Warning",
    "hStatement": "Flammable liquid and vapor",
    "pCode": "P210,P233,P240,P241,P242,P243,P280,P303+P361+P353,P370+P378,P403+P235,P501",
    "unModel": "Class 3",
  },
  "H227": {
    "ghsCategory": "Category 4",
    "ghsClass": "Flammable liquids",
    "ghsSignal": "Warning",
    "hStatement": "Combustible liquid",
    "pCode": "P210,P280,P370+P378,P403,P501",
  },
  "H228": {
    "ghsCategory": "Category 2",
    "ghsClass": "Flammable solids",
    "ghsPictograms": "GHS02",
    "ghsSignal": "Warning",
    "hStatement": "Flammable solid",
    "pCode": "P210,P240,P241,P280,P370+P378",
    "unModel": "Div 4.1",
  },
  "H229": {
    "ghsCategory": "Category 3",
    "ghsClass": "Aerosols",
    "ghsSignal": "Warning",
    "hStatement": "Pressurized container: may burst if heated",
    "pCode": "P210,P251,P410+P412",
    "unModel": "Div 2.2",
  },
  "H230": {
    "ghsCategory": "1A, Chemically unstable gas A",
    "ghsClass": "Flammable gases ",
    "ghsPictograms": "GHS02",
    "ghsSignal": "Danger",
    "hStatement": "May react explosively even in the absence of air",
    "pCode": "P203,P210,P337,P381,P403",
    "unModel": "Div 2.1",
  },
  "H231": {
    "ghsCategory": "1A, Chemically unstable gas B",
    "ghsClass": "Flammable gases ",
    "ghsPictograms": "GHS02",
    "ghsSignal": "Danger",
    "hStatement": "May react explosively even in the absence of air at elevated pressure and/or temperature",
    "pCode": "P203,P210,P337,P381,P403",
    "unModel": "Div 2.1",
  },
  "H232": {
    "ghsCategory": "1A, Pyrophoric gas",
    "ghsClass": "Flammable gases ",
    "ghsPictograms": "GHS02",
    "ghsSignal": "Danger",
    "hStatement": "May ignite spontaneously if exposed to air",
    "pCode": "P210,P222,P280,P377,P381,P403",
    "unModel": "Div 2.1",
  },
  "H240": {
    "ghsCategory": "Type A",
    "ghsClass": "Self-reactive substances and mixtures; Organic peroxides",
    "ghsPictograms": "GHS01",
    "ghsSignal": "Danger",
    "hStatement": "Heating may cause an explosion",
    "pCode": "P210,P234,P235,P240,P280,P370+P372+P380+P373,P403,P410,P411,P420,P501",
    "unModel": "Div 4.1, 5.2 Type A",
  },
  "H241": {
    "ghsCategory": "Type B",
    "ghsClass": "Self-reactive substances and mixtures; Organic peroxides",
    "ghsPictograms": "GHS01,GHS02",
    "ghsSignal": "Danger",
    "hStatement": "Heating may cause a fire or explosion",
    "pCode": "P210,P234,P235,P240,P280,P370+P380+P375[+P378],P403,P410,P411,P420,P501",
    "unModel": "Div 4.1, 5.2 Type B",
  },
  "H242": {
    "ghsCategory": "Type E, F",
    "ghsClass": "Self-reactive substances and mixtures; Organic peroxides",
    "ghsPictograms": "GHS02",
    "ghsSignal": "Warning",
    "hStatement": "Heating may cause a fire",
    "pCode": "P210,P234,P235,P240,P280,P370+P378,P403,P410,P411,P420,P501",
    "unModel": "Div 4.1, 5.2 Type E, F",
  },
  "H250": {
    "ghsCategory": "Category 1",
    "ghsClass": "Pyrophoric solids",
    "ghsPictograms": "GHS02",
    "ghsSignal": "Danger",
    "hStatement": "Catches fire spontaneously if exposed to air",
    "pCode": "P210,P222,P231,P233,P280,P302+P335+P334,P370+P378",
    "unModel": "Div 4.2",
  },
  "H251": {
    "ghsCategory": "Category 1",
    "ghsClass": "Self-heating substances and mixtures",
    "ghsPictograms": "GHS02",
    "ghsSignal": "Danger",
    "hStatement": "Self-heating; may catch fire",
    "pCode": "P235,P280,P407,P410,P413,P420",
    "unModel": "Div 4.2",
  },
  "H252": {
    "ghsCategory": "Category 2",
    "ghsClass": "Self-heating substances and mixtures",
    "ghsPictograms": "GHS02",
    "ghsSignal": "Warning",
    "hStatement": "Self-heating in large quantities; may catch fire",
    "pCode": "P235,P280,P407,P410,P413,P420",
    "unModel": "Div 4.2",
  },
  "H260": {
    "ghsCategory": "Category 1",
    "ghsClass": "Substances and mixtures which in contact with water, emit flammable gases",
    "ghsPictograms": "GHS02",
    "ghsSignal": "Danger",
    "hStatement": "In contact with water releases flammable gases which may ignite spontaneously",
    "pCode": "P223,P231+P232,P280,P302+P335+P334,P370+P378,P402+P404,P501",
    "unModel": "Div 4.3",
  },
  "H261": {
    "ghsCategory": "Category 3",
    "ghsClass": "Substances and mixtures which in contact with water, emit flammable gases",
    "ghsPictograms": "GHS02",
    "ghsSignal": "Warning",
    "hStatement": "In contact with water releases flammable gas",
    "pCode": "P231+P232,P280,P370+P378,P402+P404,P501",
    "unModel": "Div 4.3",
  },
  "H270": {
    "ghsCategory": "Category 1",
    "ghsClass": "Oxidizing gases",
    "ghsPictograms": "GHS03",
    "ghsSignal": "Danger",
    "hStatement": "May cause or intensify fire; oxidizer",
    "pCode": "P220,P244,P370+P376,P403",
    "unModel": "Class 2",
  },
  "H271": {
    "ghsCategory": "Category 1",
    "ghsClass": "Oxidizing liquids; Oxidizing solids",
    "ghsPictograms": "GHS03",
    "ghsSignal": "Danger",
    "hStatement": "May cause fire or explosion; strong Oxidizer",
    "pCode": "P210,P220,P280,P283,P306+P360,P371+P380+P375,P370+P378,P420,P501",
    "unModel": "Div 5.1",
  },
  "H272": {
    "ghsCategory": "Category 3",
    "ghsClass": "Oxidizing liquids; Oxidizing solids",
    "ghsPictograms": "GHS03",
    "ghsSignal": "Warning",
    "hStatement": "May intensify fire; oxidizer",
    "pCode": "P210,P220,P280,P370+P378,P501",
    "unModel": "Div 5.1",
  },
  "H280": {
    "ghsCategory": "Compressed gas, Liquefied gas, Dissolved gas",
    "ghsClass": "Gases under pressure",
    "ghsPictograms": "GHS04",
    "ghsSignal": "Warning",
    "hStatement": "Contains gas under pressure; may explode if heated",
    "pCode": "P410+P403",
    "unModel": "Div 2.2",
  },
  "H281": {
    "ghsCategory": "Refrigerated liquefied gas",
    "ghsClass": "Gases under pressure",
    "ghsPictograms": "GHS04",
    "ghsSignal": "Warning",
    "hStatement": "Contains refrigerated gas; may cause cryogenic burns or injury",
    "pCode": "P282,P336+P317,P403",
    "unModel": "Div 2.2",
  },
  "H282": {
    "ghsCategory": "Category 1",
    "ghsClass": "Chemicals under pressure",
    "ghsPictograms": "GHS02,GHS04",
    "ghsSignal": "Danger",
    "hStatement": "Extremely flammable chemical under pressure: may explode if heated",
    "pCode": "P210,P211,P370+P378,P376,P381,P410+P403",
    "unModel": "Div 2.1",
  },
  "H283": {
    "ghsCategory": "Category 2",
    "ghsClass": "Chemicals under pressure",
    "ghsPictograms": "GHS02,GHS04",
    "ghsSignal": "Warning",
    "hStatement": "Flammable chemical under pressure: may explode if heated",
    "pCode": "P210,P211,P370+P378,P376,P381,P410+P403",
    "unModel": "Div 2.1",
  },
  "H284": {
    "ghsCategory": "Category 3",
    "ghsClass": "Chemicals under pressure",
    "ghsPictograms": "GHS04",
    "ghsSignal": "Warning",
    "hStatement": "Chemical under pressure: may explode if heated",
    "pCode": "P210,P376,P410+P403",
    "unModel": "Div 2.2",
  },
  "H290": {
    "ghsCategory": "Category 1",
    "ghsClass": "Corrosive to Metals",
    "ghsPictograms": "GHS05",
    "ghsSignal": "Warning",
    "hStatement": "May be corrosive to metals",
    "pCode": "P234,P390,P406",
    "unModel": "Class 8",
  },
  "H300": {
    "ghsCategory": "Category 1, 2",
    "ghsClass": "Acute toxicity, oral",
    "ghsPictograms": "GHS06",
    "ghsSignal": "Danger",
    "hStatement": "Fatal if swallowed",
    "pCode": "P264,P270,P301+P316,P321,P330,P405,P501",
    "unModel": "Div 2.3 or 6.1",
  },
  "H300+H310": {
    "ghsCategory": "Category 1, 2",
    "ghsClass": "Acute toxicity, oral; acute toxicity, dermal",
    "ghsPictograms": "GHS06",
    "ghsSignal": "Danger",
    "hStatement": "Fatal if swallowed or in contact with skin",
  },
  "H300+H310+H330": {
    "ghsCategory": "Category 1, 2",
    "ghsClass": "Acute toxicity, oral; acute toxicity, dermal; acute toxicity, inhalation",
    "ghsPictograms": "GHS06",
    "ghsSignal": "Danger",
    "hStatement": "Fatal if swallowed, in contact with skin or if inhaled",
  },
  "H300+H330": {
    "ghsCategory": "Category 1, 2",
    "ghsClass": "Acute toxicity, oral; acute toxicity, inhalation",
    "ghsPictograms": "GHS06",
    "ghsSignal": "Danger",
    "hStatement": "Fatal if swallowed or if inhaled",
  },
  "H301": {
    "ghsCategory": "Category 3",
    "ghsClass": "Acute toxicity, oral",
    "ghsPictograms": "GHS06",
    "ghsSignal": "Danger",
    "hStatement": "Toxic if swallowed",
    "pCode": "P264,P270,P301+P316,P321,P330,P405,P501",
    "unModel": "Div 2.3 or 6.1",
  },
  "H301+H311": {
    "ghsCategory": "Category 3",
    "ghsClass": "Acute toxicity, oral; acute toxicity, dermal",
    "ghsPictograms": "GHS06",
    "ghsSignal": "Danger",
    "hStatement": "Toxic if swallowed or in contact with skin",
  },
  "H301+H311+H331": {
    "ghsCategory": "Category 3",
    "ghsClass": "Acute toxicity, oral; acute toxicity, dermal; acute toxicity, inhalation",
    "ghsPictograms": "GHS06",
    "ghsSignal": "Danger",
    "hStatement": "Toxic if swallowed, in contact with skin or if inhaled",
  },
  "H301+H331": {
    "ghsCategory": "Category 3",
    "ghsClass": "Acute toxicity, oral; acute toxicity, inhalation",
    "ghsPictograms": "GHS06",
    "ghsSignal": "Danger",
    "hStatement": "Toxic if swallowed or if inhaled",
  },
  "H302": {
    "ghsCategory": "Category 4",
    "ghsClass": "Acute toxicity, oral",
    "ghsPictograms": "GHS07",
    "ghsSignal": "Warning",
    "hStatement": "Harmful if swallowed",
    "pCode": "P264,P270,P301+P317,P330,P501",
  },
  "H302+H312": {
    "ghsCategory": "Category 4",
    "ghsClass": "Acute toxicity, oral; acute toxicity, dermal",
    "ghsPictograms": "GHS07",
    "ghsSignal": "Warning",
    "hStatement": "Harmful if swallowed or in contact with skin",
  },
  "H302+H312+H332": {
    "ghsCategory": "Category 4",
    "ghsClass": "Acute toxicity, oral; acute toxicity, dermal; acute toxicity, inhalation",
    "ghsPictograms": "GHS07",
    "ghsSignal": "Warning",
    "hStatement": "Harmful if swallowed, in contact with skin or if inhaled",
  },
  "H302+H332": {
    "ghsCategory": "Category 4",
    "ghsClass": "Acute toxicity, oral; acute toxicity, inhalation",
    "ghsPictograms": "GHS07",
    "ghsSignal": "Warning",
    "hStatement": "Harmful if swallowed or if inhaled",
  },
  "H303": {
    "ghsCategory": "Category 5",
    "ghsClass": "Acute toxicity, oral",
    "ghsSignal": "Warning",
    "hStatement": "May be harmful if swallowed",
    "pCode": "P301+P317",
  },
  "H303+H313": {
    "ghsCategory": "Category 5",
    "ghsClass": "Acute toxicity, oral; acute toxicity, dermal",
    "ghsSignal": "Warning",
    "hStatement": "May be harmful if swallowed or in contact with skin",
  },
  "H303+H313+H333": {
    "ghsCategory": "Category 5",
    "ghsClass": "Acute toxicity, oral; acute toxicity, dermal; acute toxicity, inhalation",
    "ghsSignal": "Warning",
    "hStatement": "May be harmful if swallowed, in contact with skin or if inhaled",
  },
  "H303+H333": {
    "ghsCategory": "Category 5",
    "ghsClass": "Acute toxicity, oral; acute toxicity, inhalation",
    "ghsSignal": "Warning",
    "hStatement": "May be harmful if swallowed or if inhaled",
  },
  "H304": {
    "ghsCategory": "Category 1",
    "ghsClass": "Aspiration hazard",
    "ghsPictograms": "GHS08",
    "ghsSignal": "Danger",
    "hStatement": "May be fatal if swallowed and enters airways",
    "pCode": "P301+P316,P331,P405,P501",
  },
  "H305": {
    "ghsCategory": "Category 2",
    "ghsClass": "Aspiration hazard",
    "ghsPictograms": "GHS08",
    "ghsSignal": "Warning",
    "hStatement": "May be harmful if swallowed and enters airways",
    "pCode": "P301+P316,P331,P405,P501",
  },
  "H310": {
    "ghsCategory": "Category 1, 2",
    "ghsClass": "Acute toxicity, dermal",
    "ghsPictograms": "GHS06",
    "ghsSignal": "Danger",
    "hStatement": "Fatal in contact with skin",
    "pCode": "P262,P264,P270,P280,P302+P352,P316,P321,P361+P364,P405,P501",
    "unModel": "Div 2.3 or 6.1",
  },
  "H310+H330": {
    "ghsCategory": "Category 1, 2",
    "ghsClass": "Acute toxicity, dermal; acute toxicity, inhalation",
    "ghsPictograms": "GHS06",
    "ghsSignal": "Danger",
    "hStatement": "Fatal in contact with skin or if inhaled",
  },
  "H311": {
    "ghsCategory": "Category 3",
    "ghsClass": "Acute toxicity, dermal",
    "ghsPictograms": "GHS06",
    "ghsSignal": "Danger",
    "hStatement": "Toxic in contact with skin",
    "pCode": "P262,P264,,P270,P280,P302+P352,P316,P321,P361+P364,P405,P501",
    "unModel": "Div 2.3 or 6.1",
  },
  "H311+H331": {
    "ghsCategory": "Category 3",
    "ghsClass": "Acute toxicity, dermal; acute toxicity, inhalation",
    "ghsPictograms": "GHS06",
    "ghsSignal": "Danger",
    "hStatement": "Toxic in contact with skin or if inhaled.",
  },
  "H312": {
    "ghsCategory": "Category 4",
    "ghsClass": "Acute toxicity, dermal",
    "ghsPictograms": "GHS07",
    "ghsSignal": "Warning",
    "hStatement": "Harmful in contact with skin",
    "pCode": "P280,P302+P352,P317,P321,P362+P364,P501",
  },
  "H312+H332": {
    "ghsCategory": "Category 4",
    "ghsClass": "Acute toxicity, dermal; acute toxicity, inhalation",
    "ghsPictograms": "GHS07",
    "ghsSignal": "Warning",
    "hStatement": "Harmful in contact with skin or if inhaled",
  },
  "H313": {
    "ghsCategory": "Category 5",
    "ghsClass": "Acute toxicity, dermal",
    "ghsSignal": "Warning",
    "hStatement": "May be harmful in contact with skin",
    "pCode": "P302+P317",
  },
  "H313+H333": {
    "ghsCategory": "Category 5",
    "ghsClass": "Acute toxicity, dermal; acute toxicity, inhalation",
    "ghsSignal": "Warning",
    "hStatement": "May be harmful in contact with skin or if inhaled",
  },
  "H314": {
    "ghsCategory": "Category 1, 1A, 1B, 1C",
    "ghsClass": "Skin corrosion/irritation",
    "ghsPictograms": "GHS05",
    "ghsSignal": "Danger",
    "hStatement": "Causes severe skin burns and eye damage",
    "pCode": "P260,P264,P280,P301+P330+P331,P302+P361+P354,P363,P304+P340,P316,P321,P305+P354+P338,P405,P501",
    "unModel": "Class 8",
  },
  "H315": {
    "ghsCategory": "Category 2",
    "ghsClass": "Skin corrosion/irritation",
    "ghsPictograms": "GHS07",
    "ghsSignal": "Warning",
    "hStatement": "Causes skin irritation",
    "pCode": "P264,P280,P302+P352,P321,P332+P317,P362+P364",
  },
  "H315+H320": {
    "ghsCategory": "Category 2, 2B",
    "ghsClass": "Skin corrosion/irritation and serious eye damage/eye irritation",
    "ghsPictograms": "GHS07",
    "ghsSignal": "Warning",
    "hStatement": "Cause skin and eye irritation",
  },
  "H316": {
    "ghsCategory": "Category 3",
    "ghsClass": "Skin corrosion/irritation",
    "ghsSignal": "Warning",
    "hStatement": "Causes mild skin irritation",
    "pCode": "P332+P317",
  },
  "H317": {
    "ghsCategory": "Category 1, 1A, 1B",
    "ghsClass": "Sensitization, Skin",
    "ghsPictograms": "GHS07",
    "ghsSignal": "Warning",
    "hStatement": "May cause an allergic skin reaction",
    "pCode": "P261,P272,P280,P302+P352,P333+P317,P321,P362+P364,P501",
  },
  "H318": {
    "ghsCategory": "Category 1",
    "ghsClass": "Serious eye damage/eye irritation",
    "ghsPictograms": "GHS05",
    "ghsSignal": "Danger",
    "hStatement": "Causes serious eye damage",
    "pCode": "P264+P265,P280,P305+P354+P338,P317",
  },
  "H319": {
    "ghsCategory": "Category 2A",
    "ghsClass": "Serious eye damage/eye irritation",
    "ghsPictograms": "GHS07",
    "ghsSignal": "Warning",
    "hStatement": "Causes serious eye irritation",
    "pCode": "P264+P265,P280,P305+P351+P338,P337+P317",
  },
  "H320": {
    "ghsCategory": "Category 2B",
    "ghsClass": "Serious eye damage/eye irritation",
    "ghsSignal": "Warning",
    "hStatement": "Causes eye irritation",
    "pCode": "P264+P265,P305+P351+P338,P337+P317",
  },
  "H330": {
    "ghsCategory": "Category 1, 2",
    "ghsClass": "Acute toxicity, inhalation",
    "ghsPictograms": "GHS06",
    "ghsSignal": "Danger",
    "hStatement": "Fatal if inhaled",
    "pCode": "P260,P271,P284,P304+P340,P316,P320,P403+P233,P405,P501",
    "unModel": "Div 2.3 or 6.1",
  },
  "H331": {
    "ghsCategory": "Category 3",
    "ghsClass": "Acute toxicity, inhalation",
    "ghsPictograms": "GHS06",
    "ghsSignal": "Danger",
    "hStatement": "Toxic if inhaled",
    "pCode": "P261,P271,P304+P340,P316,P321,P403+P233,P405,P501",
    "unModel": "Div 2.3 or 6.1",
  },
  "H332": {
    "ghsCategory": "Category 4",
    "ghsClass": "Acute toxicity, inhalation",
    "ghsPictograms": "GHS07",
    "ghsSignal": "Warning",
    "hStatement": "Harmful if inhaled",
    "pCode": "P261,P271,P304+P340,P317",
  },
  "H333": {
    "ghsCategory": "Category 5",
    "ghsClass": "Acute toxicity, inhalation",
    "ghsSignal": "Warning",
    "hStatement": "May be harmful if inhaled",
    "pCode": "P304+P317",
  },
  "H334": {
    "ghsCategory": "Category 1, 1A, 1B",
    "ghsClass": "Sensitization, respiratory",
    "ghsPictograms": "GHS08",
    "ghsSignal": "Danger",
    "hStatement": "May cause allergy or asthma symptoms or breathing difficulties if inhaled",
    "pCode": "P233,P260,P271,P284,P304+P340,P342+P316,P403,P501",
  },
  "H335": {
    "ghsCategory": "Category 3",
    "ghsClass": "Specific target organ toxicity, single exposure; Respiratory tract irritation",
    "ghsPictograms": "GHS07",
    "ghsSignal": "Warning",
    "hStatement": "May cause respiratory irritation",
    "pCode": "P261,P271,P304+P340,P319,P403+P233,P405,P501",
  },
  "H336": {
    "ghsCategory": "Category 3",
    "ghsClass": "Specific target organ toxicity, single exposure; Narcotic effects",
    "ghsPictograms": "GHS07",
    "ghsSignal": "Warning",
    "hStatement": "May cause drowsiness or dizziness",
    "pCode": "P261,P271,P304+P340,P319,P403+P233,P405,P501",
  },
  "H340": {
    "ghsCategory": "Category 1, 1A, 1B",
    "ghsClass": "Germ cell mutagenicity",
    "ghsPictograms": "GHS08",
    "ghsSignal": "Danger",
    "hStatement": "May cause genetic defects",
    "pCode": "P203,P280,P318,P405,P501",
  },
  "H341": {
    "ghsCategory": "Category 2",
    "ghsClass": "Germ cell mutagenicity",
    "ghsPictograms": "GHS08",
    "ghsSignal": "Warning",
    "hStatement": "Suspected of causing genetic defects",
    "pCode": "P203,P280,P318,P405,P501",
  },
  "H350": {
    "ghsCategory": "Category 1, 1A, 1B",
    "ghsClass": "Carcinogenicity",
    "ghsPictograms": "GHS08",
    "ghsSignal": "Danger",
    "hStatement": "May cause cancer",
    "pCode": "P203,P280,P318,P405,P501",
  },
  "H350i": {
    "ghsCategory": "Category 1, 1A, 1B",
    "ghsClass": "Carcinogenicity",
    "ghsPictograms": "GHS08",
    "ghsSignal": "Danger",
    "hStatement": "May cause cancer by inhalation",
    "pCode": "P203,P280,P318,P405,P501",
  },
  "H351": {
    "ghsCategory": "Category 2",
    "ghsClass": "Carcinogenicity",
    "ghsPictograms": "GHS08",
    "ghsSignal": "Warning",
    "hStatement": "Suspected of causing cancer",
    "pCode": "P203,P280,P318,P405,P501",
  },
  "H360": {
    "ghsCategory": "Category 1, 1A, 1B",
    "ghsClass": "Reproductive toxicity",
    "ghsPictograms": "GHS08",
    "ghsSignal": "Danger",
    "hStatement": "May damage fertility or the unborn child",
    "pCode": "P203,P280,P318,P405,P501",
  },
  "H360D": {
    "ghsCategory": "Category 1, 1A, 1B",
    "ghsClass": "Reproductive toxicity",
    "ghsPictograms": "GHS08",
    "ghsSignal": "Danger",
    "hStatement": "May damage the unborn child",
    "pCode": "P203,P280,P318,P405,P501",
  },
  "H360Df": {
    "ghsCategory": "Category 1, 1A, 1B",
    "ghsClass": "Reproductive toxicity",
    "ghsPictograms": "GHS08",
    "ghsSignal": "Danger",
    "hStatement": "May damage the unborn child; Suspected of damaging fertility",
    "pCode": "P203,P280,P318,P405,P501",
  },
  "H360F": {
    "ghsCategory": "Category 1, 1A, 1B",
    "ghsClass": "Reproductive toxicity",
    "ghsPictograms": "GHS08",
    "ghsSignal": "Danger",
    "hStatement": "May damage fertility",
    "pCode": "P203,P280,P318,P405,P501",
  },
  "H360FD": {
    "ghsCategory": "Category 1, 1A, 1B",
    "ghsClass": "Reproductive toxicity",
    "ghsPictograms": "GHS08",
    "ghsSignal": "Danger",
    "hStatement": "May damage fertility; May damage the unborn child",
    "pCode": "P203,P280,P318,P405,P501",
  },
  "H360Fd": {
    "ghsCategory": "Category 1, 1A, 1B",
    "ghsClass": "Reproductive toxicity",
    "ghsPictograms": "GHS08",
    "ghsSignal": "Danger",
    "hStatement": "May damage fertility; Suspected of damaging the unborn child",
    "pCode": "P203,P280,P318,P405,P501",
  },
  "H361": {
    "ghsCategory": "Category 2",
    "ghsClass": "Reproductive toxicity",
    "ghsPictograms": "GHS08",
    "ghsSignal": "Warning",
    "hStatement": "Suspected of damaging fertility or the unborn child",
    "pCode": "P203,P280,P318,P405,P501",
  },
  "H361d": {
    "ghsCategory": "Category 2",
    "ghsClass": "Reproductive toxicity",
    "ghsPictograms": "GHS08",
    "ghsSignal": "Warning",
    "hStatement": "Suspected of damaging the unborn child",
    "pCode": "P203,P280,P318,P405,P501",
  },
  "H361f": {
    "ghsCategory": "Category 2",
    "ghsClass": "Reproductive toxicity",
    "ghsPictograms": "GHS08",
    "ghsSignal": "Warning",
    "hStatement": "Suspected of damaging fertility",
    "pCode": "P203,P280,P318,P405,P501",
  },
  "H361fd": {
    "ghsCategory": "Category 2",
    "ghsClass": "Reproductive toxicity",
    "ghsPictograms": "GHS08",
    "ghsSignal": "Warning",
    "hStatement": "Suspected of damaging fertility; Suspected of damaging the unborn child",
    "pCode": "P203,P280,P318,P405,P501",
  },
  "H362": {
    "ghsCategory": "Additional category",
    "ghsClass": "Reproductive toxicity, effects on or via lactation",
    "hStatement": "May cause harm to breast-fed children",
    "pCode": "P203,P260,P263,P264,P270,P318",
  },
  "H370": {
    "ghsCategory": "Category 1",
    "ghsClass": "Specific target organ toxicity, single exposure",
    "ghsPictograms": "GHS08",
    "ghsSignal": "Danger",
    "hStatement": "Causes damage to organs",
    "pCode": "P260,P264,P270,P308+P316,P321,P405,P501",
  },
  "H371": {
    "ghsCategory": "Category 2",
    "ghsClass": "Specific target organ toxicity, single exposure",
    "ghsPictograms": "GHS08",
    "ghsSignal": "Warning",
    "hStatement": "May cause damage to organs",
    "pCode": "P260,P264,P270,P308+P316,P405,P501",
  },
  "H372": {
    "ghsCategory": "Category 1",
    "ghsClass": "Specific target organ toxicity, repeated exposure",
    "ghsPictograms": "GHS08",
    "ghsSignal": "Danger",
    "hStatement": "Causes damage to organs through prolonged or repeated exposure",
    "pCode": "P260,P264,P270,P319,P501",
  },
  "H373": {
    "ghsCategory": "Category 2",
    "ghsClass": "Specific target organ toxicity, repeated exposure",
    "ghsPictograms": "GHS08",
    "ghsSignal": "Warning",
    "hStatement": "May causes damage to organs through prolonged or repeated exposure",
    "pCode": "P260,P319,P501",
  },
  "H400": {
    "ghsCategory": "Category 1",
    "ghsClass": "Hazardous to the aquatic environment, acute hazard",
    "ghsPictograms": "GHS09",
    "ghsSignal": "Warning",
    "hStatement": "Very toxic to aquatic life",
    "pCode": "P273,P391,P501",
    "unModel": "Class 9",
  },
  "H401": {
    "ghsCategory": "Category 2",
    "ghsClass": "Hazardous to the aquatic environment, acute hazard",
    "hStatement": "Toxic to aquatic life",
    "pCode": "P273,P501",
  },
  "H402": {
    "ghsCategory": "Category 3",
    "ghsClass": "Hazardous to the aquatic environment, acute hazard",
    "hStatement": "Harmful to aquatic life",
    "pCode": "P273,P501",
  },
  "H410": {
    "ghsCategory": "Category 1",
    "ghsClass": "Hazardous to the aquatic environment, long-term hazard",
    "ghsPictograms": "GHS09",
    "ghsSignal": "Warning",
    "hStatement": "Very toxic to aquatic life with long lasting effects",
    "pCode": "P273,P391,P501",
    "unModel": "Class 9",
  },
  "H411": {
    "ghsCategory": "Category 2",
    "ghsClass": "Hazardous to the aquatic environment, long-term hazard",
    "ghsPictograms": "GHS09",
    "hStatement": "Toxic to aquatic life with long lasting effects",
    "pCode": "P273,P391,P501",
    "unModel": "Class 9",
  },
  "H412": {
    "ghsCategory": "Category 3",
    "ghsClass": "Hazardous to the aquatic environment, long-term hazard",
    "hStatement": "Harmful to aquatic life with long lasting effects",
    "pCode": "P273,P501",
  },
  "H413": {
    "ghsCategory": "Category 4",
    "ghsClass": "Hazardous to the aquatic environment, long-term hazard",
    "hStatement": "May cause long lasting harmful effects to aquatic life",
    "pCode": "P273,P501",
  },
  "H420": {
    "ghsCategory": "Category 1",
    "ghsClass": "Hazardous to the ozone layer",
    "ghsPictograms": "GHS07",
    "ghsSignal": "Warning",
    "hStatement": "Harms public health and the environment by destroying ozone in the upper atmosphere",
    "pCode": "P502",
  },
}
`;

exports[`getGHS 2`] = `
{
  "P101": "If medical advice is needed, have product container or label at hand.",
  "P102": "Keep out of reach of children.",
  "P103": "Read carefully and follow all instructions.",
  "P201": "(Deleted) Obtain special instructions before use.",
  "P202": "(Deleted) Do not handle until all safety precautions have been read and understood.",
  "P203": "Obtain, read and follow all safety instructions before use.",
  "P210": "Keep away from heat, hot surface, sparks, open flames and other ignition sources. No smoking.",
  "P211": "Do not spray on an open flame or other ignition source.",
  "P212": "Avoid heating under confinement or reduction of the desensitized agent.",
  "P220": "Keep away from clothing and other combustible materials.",
  "P221": "(Deleted) Take any precaution to avoid mixing with combustibles/...",
  "P222": "Do not allow contact with air.",
  "P223": "Do not allow contact with water.",
  "P230": "Keep wetted with ...",
  "P231": "Handle and store contents under inert gas/...",
  "P231+P232": "Handle and store contents under inert gas/... Protect from moisture.",
  "P232": "Protect from moisture.",
  "P233": "Keep container tightly closed.",
  "P234": "Keep only in original container.",
  "P235": "Keep cool.",
  "P235+P410": "(Deleted) Keep cool. Protect from sunlight.",
  "P236": "Keep only in original packaging; Division .. in the transport configuraion.",
  "P240": "Ground/bond container and receiving equipment.",
  "P241": "Use explosion-proof [electrical/ventilating/lighting/.../] equipment.",
  "P242": "Use only non-sparking tools.",
  "P243": "Take precautionary measures against static discharge.",
  "P244": "Keep valves and fittings free from oil and grease.",
  "P250": "Do not subject to grinding/shock/friction/...",
  "P251": "Do not pierce or burn, even after use.",
  "P260": "Do not breathe dust/fume/gas/mist/vapors/spray.",
  "P261": "Avoid breathing dust/fume/gas/mist/vapors/spray.",
  "P262": "Do not get in eyes, on skin, or on clothing.",
  "P263": "Avoid contact during pregnancy/while nursing.",
  "P264": "Wash hands [and ...] thoroughly after handling.",
  "P264+P265": "Wash hands [and ...] thoroughly after handling. Do not touch eyes.",
  "P265": "Do not touch eyes.",
  "P270": "Do not eat, drink or smoke when using this product.",
  "P271": "Use only outdoors or in a well-ventilated area.",
  "P272": "Contaminated work clothing should not be allowed out of the workplace.",
  "P273": "Avoid release to the environment.",
  "P280": "Wear protective gloves/protective clothing/eye protection/face protection/hearing protection/...",
  "P281": "(Deleted)Use personal protective equipment as required.",
  "P282": "Wear cold insulating glovesand either face shield or eye protection.",
  "P283": "Wear fire resistant or flame retardant clothing.",
  "P284": "[In case of inadequate ventilation] Wear respiratory protection.",
  "P285": "(Deleted) In case of inadequate ventilation wear respiratory protection.",
  "P301": "IF SWALLOWED:",
  "P301+P310": "(Deleted) IF SWALLOWED: Immediately call a POISON CENTER/doctor/...",
  "P301+P312": "(Deleted) IF SWALLOWED: call a POISON CENTER/doctor/... IF you feel unwell.",
  "P301+P316": "IF SWALLOWED: Get emergency medical help immediately.",
  "P301+P317": "IF SWALLOWED: Get medical help.",
  "P301+P330+P331": "IF SWALLOWED: Rinse mouth. Do NOT induce vomiting.",
  "P302": "IF ON SKIN:",
  "P302+P317": "IF ON SKIN: Get medical help.",
  "P302+P334": "IF ON SKIN: Immerse in cool water or wrap in wet bandages.",
  "P302+P335+P334": "Brush off loose particles from skin. Immerse in cool water [or wrap in wet bandages].",
  "P302+P350": "(Deleted) IF ON SKIN: Gently wash with plenty of soap and water.",
  "P302+P352": "IF ON SKIN: wash with plenty of water/...",
  "P302+P361+P354": "IF ON SKIN: Take off Immediately all contaminated clothing. Immediately rinse with water for several minutes.",
  "P303": "IF ON SKIN (or hair):",
  "P303+P361+P353": "IF ON SKIN (or hair): Take off Immediately all contaminated clothing. Rinse SKIN with water [or shower].",
  "P304": "IF INHALED:",
  "P304+P312": "(Deleted) IF INHALED: Call a POISON CENTER/doctor/... if you feel unwell.",
  "P304+P317": "IF INHALED: Get medical help.",
  "P304+P340": "IF INHALED: Remove person to fresh air and keep comfortable for breathing.",
  "P304+P341": "(Deleted) IF INHALED: If breathing is difficult, remove victim to fresh air and keep at rest in a position comfortable for breathing.",
  "P305": "IF IN EYES:",
  "P305+P351+P338": "IF IN EYES: Rinse cautiously with water for several minutes. Remove contact lenses if present and easy to do - continue rinsing.",
  "P305+P354+P338": "IF IN EYES: Immediately rinse with water for several minutes. Remove contact lenses if present and easy to do. Continue rinsing.",
  "P306": "IF ON CLOTHING:",
  "P306+P360": "IF ON CLOTHING: Rinse Immediately contaminated CLOTHING and SKIN with plenty of water before removing clothes.",
  "P307": "(Deleted) IF exposed:",
  "P307+P311": "(Deleted) IF exposed: call a POISON CENTER or doctor/physician.",
  "P308": "IF exposed or concerned:",
  "P308+P311": "(Deleted) IF exposed or concerned: Call a POISON CENTER/doctor/...",
  "P308+P313": "(Deleted) IF exposed or concerned: Get medical advice/attention.",
  "P308+P316": "IF exposed or concerned: Get emergency medical help immediately.",
  "P309": "(Deleted) IF exposed or if you feel unwell",
  "P309+P311": "(Deleted) IF exposed or if you feel unwell: call a POISON CENTER or doctor/physician.",
  "P310": "(Deleted) Immediately call a POISON CENTER or doctor/physician.",
  "P311": "(Deleted) Call a POISON CENTER or doctor/...",
  "P312": "(Deleted) Call a POISON CENTER or doctor/... if you feel unwell.",
  "P313": "(Deleted) Get medical advice/attention.",
  "P314": "(Deleted) Get medical advice/attention if you feel unwell.",
  "P315": "(Deleted) Get immediate medical advice/attention.",
  "P316": "Get emergency medical help immediately.",
  "P317": "Get emergency medical help.",
  "P318": "if exposed or concerned, get medical advice.",
  "P319": "Get medical help if you feel unwell.",
  "P320": "Specific treatment is urgent (see ... on this label).",
  "P321": "Specific treatment (see ... on this label).",
  "P322": "(Deleted) Specific measures (see ...on this label).",
  "P330": "Rinse mouth.",
  "P331": "Do NOT induce vomiting.",
  "P332": "IF SKIN irritation occurs:",
  "P332+P313": "(Deleted) IF SKIN irritation occurs: Get medical advice/attention.",
  "P332+P317": "If skin irritation occurs: Get medical help.",
  "P333": "If skin irritation or rash occurs:",
  "P333+P313": "(Deleted) IF SKIN irritation or rash occurs: Get medical advice/attention.",
  "P333+P317": "If skin irritation or rash occurs: Get medical help.",
  "P334": "Immerse in cool water [or wrap in wet bandages].",
  "P335": "Brush off loose particles from skin.",
  "P335+P334": "(Deleted) Brush off loose particles from skin. Immerse in cool water/wrap in wet bandages.",
  "P336": "Thaw frosted parts with lukewarm water. Do not rub affected area.",
  "P336+P317": "Immediately thaw frosted parts with lukewarm water. Do not rub affected area. Get medical help.",
  "P337": "If eye irritation persists:",
  "P337+P313": "(Deleted) IF eye irritation persists: Get medical advice/attention.",
  "P337+P317": "If eye irritation persists: Get medical help.",
  "P338": "Remove contact lenses, if present and easy to do. Continue rinsing.",
  "P340": "Remove person to fresh air and keep comfortable for breathing.",
  "P341": "(Deleted) If breathing is difficult, remove victim to fresh air and keep at rest in a position comfortable for breathing.",
  "P342": "If experiencing respiratory symptoms:",
  "P342+P311": "(Deleted) IF experiencing respiratory symptoms: Call a POISON CENTER/doctor/...",
  "P342+P316": "If experiencing respiratory symptoms: Get emergence medical help immediately.",
  "P350": "(Deleted) Gently wash with plenty of soap and water.",
  "P351": "Rinse cautiously with water for several minutes.",
  "P352": "Wash with plenty of water/...",
  "P353": "Rinse skin with water [or shower].",
  "P354": "Immediately rinse with water for several minutes.",
  "P360": "Rinse immediately contaminated clothing and skin with plenty of water before removing clothes.",
  "P361": "Take off immediately all contaminated clothing.",
  "P361+P364": "Take off immediately all contaminated clothing and wash it before reuse.",
  "P362": "Take off contaminated clothing.",
  "P362+P364": "Take off contaminated clothing and wash it before reuse.",
  "P363": "Wash contaminated clothing before reuse.",
  "P364": "And wash it before reuse.",
  "P370": "In case of fire:",
  "P370+P372+P380+P373": "In case of fire: Explosion risk. Evacuate area. DO NOT fight fire when fire reaches explosives.",
  "P370+P376": "in case of fire: Stop leak if safe to do so.",
  "P370+P378": "In case of fire: Use ... to extinguish.",
  "P370+P380": "(Deleted) In case of fire: Evacuate area.",
  "P370+P380+P375": "In case of fire: Evacuate area. Fight fire remotely due to the risk of explosion.",
  "P370+P380+P375[+P378]": "In case of fire: Evacuate area. Fight fire remotely due to the risk of explosion. [Use...to extinguish].]",
  "P371": "In case of major fire and large quantities:",
  "P371+P380+P375": "In case of major fire and large quantities: Evacuate area. Fight fire remotely due to the risk of explosion.",
  "P372": "Explosion risk.",
  "P373": "DO NOT fight fire when fire reaches explosives.",
  "P374": "(Deleted) Fight fire with normal precautions from a reasonable distance.",
  "P375": "Fight fire remotely due to the risk of explorsion.",
  "P376": "Stop leak if safe to do so.",
  "P377": "Leaking gas fire: Do not extinguish, unless leak can be stopped safely.",
  "P378": "Use ... to extinguish.",
  "P380": "Evacuate area.",
  "P381": "In case of leakage, eliminate all ignition sources.",
  "P390": "Absorb spillage to prevent material damage.",
  "P391": "Collect spillage.",
  "P401": "Store in accordance with ...",
  "P402": "Store in a dry place.",
  "P402+P404": "Store in a dry place. Store in a closed container.",
  "P403": "Store in a well-ventilated place.",
  "P403+P233": "Store in a well-ventilated place. Keep container tightly closed.",
  "P403+P235": "Store in a well-ventilated place. Keep cool.",
  "P404": "Store in a closed container.",
  "P405": "Store locked up.",
  "P406": "Store in corrosive resistant/... container with a resistant inner liner.",
  "P407": "Maintain air gap between stacks or pallets.",
  "P410": "Protect from sunlight.",
  "P410+P403": "Protect from sunlight. Store in a well-ventilated place.",
  "P410+P412": "Protect from sunlight. Do not expose to temperatures exceeding 50 °C/122°F.",
  "P411": "Store at temperatures not exceeding ... °C/...°F.",
  "P411+P235": "(Deleted) Store at temperatures not exceeding ... °C/...°F. Keep cool.",
  "P412": "Do not expose to temperatures exceeding 50 °C/ 122 °F.",
  "P413": "Store bulk masses greater than ... kg/...lbs at temperatures not exceeding ... °C/...°F.",
  "P420": "Store separately.",
  "P422": "(Deleted) Store contents under ...",
  "P501": "Dispose of contents/container to ...",
  "P502": "Refer to manufacturer or supplier for information on recovery or recycling",
  "P503": "Refer to manufacturer/supplier... for information on disposal/recovery/recycling.",
}
`;
