// Vitest Snapshot v1, https://vitest.dev/guide/snapshot.html

exports[`getAll (activeAgainst) 1`] = `
[
  {
    "_id": "ArchaeaCandidatusBorrarchaeotaCandidatusBorrarchaeiaCandidatusBorrarchaealesCandidatusBorrarchaeaceaeCandidatusBorrarchaeum",
    "count": 20,
    "data": {
      "class": "Candidatus Borrarchaeia",
      "family": "Candidatus Borrarchaeaceae",
      "genus": "Candidatus Borrarchaeum",
      "order": "Candidatus Borrarchaeales",
      "phylum": "Candidatus Borrarchaeota",
      "superkingdom": "Archaea",
    },
  },
]
`;

exports[`id search (activesOrNaturals) 1`] = `
[
  {
    "_id": "ArchaeaCandidatusBorrarchaeotaCandidatusBorrarchaeiaCandidatusBorrarchaealesCandidatusBorrarchaeaceaeCandidatusBorrarchaeum",
    "count": 20,
    "data": {
      "class": "Candidatus Borrarchaeia",
      "family": "Candidatus Borrarchaeaceae",
      "genus": "Candidatus Borrarchaeum",
      "order": "Candidatus Borrarchaeales",
      "phylum": "Candidatus Borrarchaeota",
      "superkingdom": "Archaea",
    },
  },
]
`;
