// Vitest Snapshot v1, https://vitest.dev/guide/snapshot.html

exports[`ids search (npasses) 2`] = `
[
  {
    "_id": "NPC491455",
    "data": {
      "activities": [
        {
          "assay": "MIC = 2500.0 nM",
          "assayOrganism": "Saccharomyces cerevisiae",
          "externalRef": "PMID : 447202",
          "targetName": "Lu1",
          "targetOrganism": "Homo sapiens",
          "targetType": "Cell Line",
        },
      ],
      "cid": "n.a.",
      "ocl": {
        "idCode": "ehZPL@@@D@\\bfdTRTTLRteVdrtfdlTtbrzFNnZjjjjjjjjjijeLHQNDIMIyLdtai\\\`@",
        "noStereoTautomerID": "ehZPL@@@KglbbdRebTLRdJttTTRxDLlbRZzv~jjjjjjjjjjjjP@MTClWXRCKjfOacxX",
      },
    },
  },
  {
    "_id": "NPC491456",
    "data": {
      "activities": [
        {
          "assay": "IC50 = 51760683.2 nM",
          "assayOrganism": "Homo sapiens",
          "externalRef": "PMID : 447204",
        },
      ],
      "cid": "n.a.",
      "ocl": {
        "idCode": "fikA\`@@FGdbbdTVtrjbrTUIJmPUDTTuSTdDQGhl@",
        "noStereoTautomerID": "fikA\`@@VGdbdTRrrbUbrTSAZ]UUUUTuSUP@ZjiafNXeaVCXmavAxgc}HYZccxX~F@",
      },
    },
  },
]
`;
