// Vitest Snapshot v1, https://vitest.dev/guide/snapshot.html

exports[`Aggregation ActivesOrNaturals 1`] = `
{
  "_id": "ekTpA@@@LAEMGLn\\\\dTTRbRfLbteRrRTfbqbtRthdRjZFFfNnAQjjjjjjjfjjjjjijjh@@",
  "data": {
    "activities": [
      {
        "dbRef": {
          "$id": "LTS0257199",
          "$ref": "lotuses",
        },
      },
      {
        "dbRef": {
          "$id": "59478_1",
          "$ref": "bioassays",
        },
      },
      {
        "dbRef": {
          "$id": "61929_1",
          "$ref": "bioassays",
        },
      },
      {
        "dbRef": {
          "$id": "67115_1",
          "$ref": "bioassays",
        },
      },
      {
        "dbRef": {
          "$id": "68553_1",
          "$ref": "bioassays",
        },
      },
      {
        "dbRef": {
          "$id": "76598_1",
          "$ref": "bioassays",
        },
      },
      {
        "dbRef": {
          "$id": "77111_1",
          "$ref": "bioassays",
        },
      },
      {
        "dbRef": {
          "$id": "77250_1",
          "$ref": "bioassays",
        },
      },
      {
        "dbRef": {
          "$id": "80565_1",
          "$ref": "bioassays",
        },
      },
      {
        "dbRef": {
          "$id": "81146_1",
          "$ref": "bioassays",
        },
      },
      {
        "dbRef": {
          "$id": "84145_1",
          "$ref": "bioassays",
        },
      },
      {
        "dbRef": {
          "$id": "88579_1",
          "$ref": "bioassays",
        },
      },
      {
        "dbRef": {
          "$id": "89216_1",
          "$ref": "bioassays",
        },
      },
      {
        "dbRef": {
          "$id": "90481_1",
          "$ref": "bioassays",
        },
      },
      {
        "dbRef": {
          "$id": "95282_1",
          "$ref": "bioassays",
        },
      },
      {
        "dbRef": {
          "$id": "96028_1",
          "$ref": "bioassays",
        },
      },
      {
        "dbRef": {
          "$id": "96679_1",
          "$ref": "bioassays",
        },
      },
      {
        "dbRef": {
          "$id": "5351335_1",
          "$ref": "bioassays",
        },
      },
      {
        "dbRef": {
          "$id": "5351409_1",
          "$ref": "bioassays",
        },
      },
      {
        "dbRef": {
          "$id": "5351514_1",
          "$ref": "bioassays",
        },
      },
      {
        "dbRef": {
          "$id": "5351641_1",
          "$ref": "bioassays",
        },
      },
    ],
    "bioactive": true,
    "charge": 0,
    "cids": [
      {
        "$id": 59478,
        "$ref": "compounds",
      },
    ],
    "em": 632.42881889036,
    "kwActiveAgainst": [
      "archaea",
      "borrarchaeaceae",
      "borrarchaeales",
      "borrarchaeia",
      "borrarchaeota",
      "borrarchaeum",
      "candidatus",
    ],
    "kwBioassays": [
      "eukaryotic",
      "inhibitors",
      "initiation",
      "molecule",
      "small",
      "translation",
      "uhts",
    ],
    "kwTaxonomies": [
      "viridiplantae",
      "streptophyta",
      "magnoliopsida",
      "cucurbitaceae",
      "momordica",
      "charantia",
    ],
    "mf": "C37H60O8",
    "naturalProduct": true,
    "nbActivities": 21,
    "nbMassSpectra": 0,
    "nbPatents": 3,
    "nbPubmeds": 0,
    "nbTaxonomies": 1,
    "noStereoOCL": {
      "idCode": "ekTpA@@@LAEMGLn\\\\dTTRbRfLbteRrRTfbqbtRthdRjZFFfNnAQjjjjjjjfjjjjjijjh@@",
    },
    "patents": [
      {
        "$id": "EP-2078065-A2",
        "$ref": "patents",
      },
    ],
    "taxonomies": [
      {
        "class": "Magnoliopsida",
        "dbRef": {
          "$id": "LTS0257199",
          "$ref": "lotuses",
        },
        "family": "Cucurbitaceae",
        "genus": "Momordica",
        "kingdom": "Viridiplantae",
        "phylum": "Streptophyta",
        "species": "Momordica charantia",
      },
    ],
    "unsaturation": 8,
  },
}
`;
