// Vitest Snapshot v1, https://vitest.dev/guide/snapshot.html

exports[`Aggregation ActivesOrNaturals 1`] = `
{
  "counterPmids": 5,
  "meshTermsForCid": [
    "abdominal injuries",
    "alcoholic intoxication",
    "cardiac surgical procedures",
    "cardiac tamponade",
    "heart atria",
    "heart block",
    "heart injuries",
    "humans",
    "multiple trauma",
    "nephrectomy",
    "resuscitation",
    "thoracic surgery",
    "isotopes",
    "medicine",
    "radioisotopes",
    "research",
    "antipsychotic agents",
    "benzodiazepines",
    "bipolar disorder",
    "drug therapy, combination",
    "olanzapine",
    "pirenzepine",
    "randomized controlled trials as topic",
    "treatment failure",
    "animals",
    "bile acids and salts",
    "cells, cultured",
    "deoxycholic acid",
    "gtp-binding protein alpha subunits, gi-go",
    "glycogen synthase",
    "hepatocytes",
    "male",
    "phosphatidylinositol 3-kinases",
    "proto-oncogene proteins c-akt",
    "rats",
    "rats, sprague-dawley",
    "signal transduction",
    "taurodeoxycholic acid",
    "activities of daily living",
    "adult",
    "body composition",
    "disability evaluation",
    "female",
    "gastric bypass",
    "laparoscopy",
    "longitudinal studies",
    "middle aged",
    "motor activity",
    "muscle strength",
    "obesity, morbid",
    "surveys and questionnaires",
    "task performance and analysis",
    "weight loss",
  ],
  "pmIds": [
    14248046,
    14248047,
    12918000,
    17200418,
    19342308,
  ],
}
`;
