// Vitest Snapshot v1, https://vitest.dev/guide/snapshot.html

exports[`getMeshTerms 1`] = `
{
  "counterPmids": 2,
  "meshTermsForCid": [
    "abdominal injuries",
    "alcoholic intoxication",
    "cardiac surgical procedures",
    "cardiac tamponade",
    "heart atria",
    "heart block",
    "heart injuries",
    "humans",
    "multiple trauma",
    "nephrectomy",
    "resuscitation",
    "thoracic surgery",
    "isotopes",
    "medicine",
    "radioisotopes",
    "research",
  ],
  "pmIds": [
    14248046,
    14248047,
  ],
}
`;
