// Vitest Snapshot v1, https://vitest.dev/guide/snapshot.html

exports[`search activesOrNaturals > search: min max and flags 1`] = `
{
  "_id": "ehZPL@@@KglbbdRebTLRdJttTTRxDLlbRZzv~jjjjjjjjjjjjP@MTClWXRCKjfOacxX",
  "data": {
    "activities": [
      {
        "$id": "NPC100333",
        "$ref": "npasses",
      },
    ],
    "em": 456.36034540574997,
    "mf": "C30H48O3",
    "taxonomies": [
      {
        "dbRef": {
          "$id": "NPC100333",
          "$ref": "npasses",
        },
        "family": "Fagaceae",
        "genus": "Quercus",
        "kingdom": "Viridiplantae",
        "species": "Quercus acuta",
        "superkingdom": "Eukaryota",
      },
    ],
  },
}
`;
