// Vitest Snapshot v1, https://vitest.dev/guide/snapshot.html

exports[`search activesOrNaturals > search: min max and flags 1`] = `
{
  "_id": "ehZPL@@@KglbbdRebTLRdJttTTRxDLlbRZzv~jjjjjjjjjjjjP@MTClWXRCKjfOacxX",
  "data": {
    "activities": [
      {
        "$id": "NPC491455",
        "$ref": "npasses",
      },
    ],
    "em": 456.36034540574997,
    "mf": "C30H48O3",
  },
}
`;
