// Vitest Snapshot v1, https://vitest.dev/guide/snapshot.html

exports[`Aggregation ActivesOrNaturals 1`] = `
{
  "_id": "ekTpA@@@LAEMGLn\\dTTRbRfLbteRrRTfbqbtRthdRjZFFfNnAQjjjjjjjfjjjjjijjh@@",
  "data": {
    "activities": [
      {
        "$id": "59478_1",
        "$ref": "bioassays",
      },
    ],
    "bioactive": true,
    "charge": 0,
    "em": 632.42881889036,
    "kwActiveAgainst": [
      "archaea",
      "borrarchaeaceae",
      "borrarchaeales",
      "borrarchaeia",
      "borrarchaeota",
      "borrarchaeum",
      "candidatus",
    ],
    "kwBioassays": [
      "eukaryotic",
      "inhibitors",
      "initiation",
      "molecule",
      "small",
      "translation",
      "uhts",
    ],
    "mf": "C37H60O8",
    "molecules": [
      {
        "ocl": {
          "idCode": "ekTpA@@@LAEMGLn\\dTTRbRfLbteRrRTfbqbtRthdRjZFFfNnAQjjjjjjjfjjjjjijjh@@",
        },
        "sources": [
          {
            "$id": 59478,
            "$ref": "compounds",
          },
        ],
      },
    ],
    "naturalProduct": false,
    "nbActivities": 1,
    "nbMassSpectra": 0,
    "nbMolecules": 1,
    "nbPatents": 1,
    "nbPubmeds": 0,
    "nbTaxonomies": 0,
    "noStereoOCL": [
      {
        "idCode": "ekTpA@@@LAEMGLn\\dTTRbRfLbteRrRTfbqbtRthdRjZFFfNnAQjjjjjjjfjjjjjijjh@@",
      },
    ],
    "patents": [
      {
        "$id": "EP-2078065-A2",
        "$ref": "patents",
      },
    ],
    "unsaturation": 8,
  },
}
`;
