// Vitest Snapshot v1, https://vitest.dev/guide/snapshot.html

exports[`search (inSilicoFragments) > masses (inSilicoFragments) 2`] = `
[
  {
    "_id": {
      "ionization": "esi",
      "mode": "positive",
      "noStereoId": "fikAP@@\\TT^RJJJISHsIISIRlfmATEPDCEP@@@",
    },
    "data": {
      "em": 344.16237387137,
      "fragmentationDbHash": "bea0aa0ea6b1f942e24b2a6003192edf",
      "mf": "C20H24O5",
      "ocl": {
        "noStereoId": "fikAP@@\\TT^RJJJISHsIISIRlfmATEPDCEP@@@",
        "noStereoTautomerID": "fikAP@@\\TT^RJJJISHsIISIRlfmATEQUSUQ@AkrvGXCbNBx{b^Ota\`zvOacxX",
      },
      "spectrum": {
        "data": {
          "x": [
            15.02292651678093,
            164.08318104599093,
            192.11448117491094,
            220.10939579448095,
            303.1227001303109,
            317.1383501947709,
            319.9740245179409,
            326.1512606074309,
            343.1540002592309,
            344.1618252914609,
            345.1696503236909,
            361.1883743925809,
            367.1515945734609,
            374.1598139154609,
            383.1255317778609,
          ],
        },
      },
    },
  },
]
`;
