// Vitest Snapshot v1, https://vitest.dev/guide/snapshot.html

exports[`collections info  1`] = `
{
  "avgObjSize": 134,
  "capped": false,
  "count": 20,
  "date": 0,
  "freeStorageSize": 0,
  "logs": undefined,
  "ns": "octochemdb.taxonomies",
  "seq": 20,
  "size": 2697,
  "state": "updated",
  "storageSize": 20480,
}
`;
