// Vitest Snapshot v1, https://vitest.dev/guide/snapshot.html

exports[`ids search (npAtlases) 2`] = `
{
  "iupacName": "Curvularide C",
  "ocl": {
    "idCode": "ficaP@D@tZK\\\\bbRbTRdQT\\\\VfZfjjjjjjXRLPiZIUU@d@",
    "noStereoTautomerID": "ficaP@K@xXO\\\\dTfTvbbJbfTVjijjjjjj@CUFlFq~dLMTq|L_C@",
  },
  "taxonomies": [
    {
      "class": "Dothideomycetes",
      "dbRef": {
        "$id": "NPA000001",
        "$ref": "npAtlases",
      },
      "family": "Pleosporaceae",
      "genus": "Curvularia",
      "kingdom": "Fungi",
      "phylum": "Ascomycota",
      "species": "Curvularia geniculata",
    },
  ],
}
`;
