// Vitest Snapshot v1, https://vitest.dev/guide/snapshot.html

exports[`syncNpatlases 1`] = `
{
  "_id": "NPA000001",
  "data": {
    "iupacName": "Curvularide C",
    "ocl": {
      "coordinates": "!B?g~w_Xa}mpJH@k]}?\`BH_[\\\\B?g~H?Oy?b@Jw?[]}bGw~@Ha}b@K~_xa}?g~H@ha}",
      "idCode": "ficaP@D@tZK\\\\bbRbTRdQT\\\\VfZfjjjjjjXRLPiZIUU@d@",
      "index": [
        255,
        239,
        255,
        255,
        255,
        223,
        234,
        255,
        88,
        239,
        183,
        179,
        90,
        254,
        189,
        138,
        9,
        219,
        192,
        253,
        16,
        204,
        235,
        123,
        193,
        95,
        28,
        161,
        196,
        146,
        114,
        208,
        21,
        7,
        118,
        72,
        0,
        146,
        0,
        53,
        129,
        16,
        48,
        10,
        129,
        4,
        1,
        24,
        0,
        4,
        64,
        128,
        64,
        16,
        32,
        16,
        32,
        0,
        64,
        64,
        68,
        128,
        8,
        0,
      ],
      "noStereoID": "ficaP@KXxZO\\\\ddRbrabJbbtVjfjijjjj@@L@",
      "noStereoTautomerID": "ficaP@K@xXO\\\\dTfTvbbJbfTVjijjjjjj@CUFlFq~dLMTq|L_C@",
    },
    "taxonomies": [
      {
        "class": "Dothideomycetes",
        "dbRef": {
          "$id": "NPA000001",
          "$ref": "npAtlases",
        },
        "family": "Pleosporaceae",
        "genus": "Curvularia",
        "kingdom": "Fungi",
        "phylum": "Ascomycota",
        "species": "Curvularia geniculata",
      },
    ],
  },
}
`;
